Archive member included to satisfy reference by file (symbol)

c:/program files (x86)/gnu tools arm embedded/5.4 2016q3/bin/../lib/gcc/arm-none-eabi/5.4.1/armv7e-m\libgcc.a(_arm_addsubsf3.o)
                              ..\obj\API_IO.o (__aeabi_fadd)
c:/program files (x86)/gnu tools arm embedded/5.4 2016q3/bin/../lib/gcc/arm-none-eabi/5.4.1/armv7e-m\libgcc.a(_arm_muldivsf3.o)
                              ..\obj\API_IO.o (__aeabi_fmul)
c:/program files (x86)/gnu tools arm embedded/5.4 2016q3/bin/../lib/gcc/arm-none-eabi/5.4.1/armv7e-m\libgcc.a(_arm_cmpsf2.o)
                              ..\obj\API_IO.o (__aeabi_fcmpgt)
c:/program files (x86)/gnu tools arm embedded/5.4 2016q3/bin/../lib/gcc/arm-none-eabi/5.4.1/armv7e-m\libgcc.a(_arm_fixsfsi.o)
                              ..\obj\API_IO.o (__aeabi_f2iz)
c:/program files (x86)/gnu tools arm embedded/5.4 2016q3/bin/../lib/gcc/arm-none-eabi/5.4.1/armv7e-m\libgcc.a(_arm_fixunssfsi.o)
                              ..\obj\API_IO.o (__aeabi_f2uiz)

Allocating common symbols
Common symbol       size              file

string              0x64              ..\obj\uart.o
VGA                 0xc               ..\obj\uart.o
VGA_RAM1            0x12cf0           ..\obj\uart.o

Discarded input sections

 .text          0x00000000        0x0 ..\obj\stm32f4xx_usart.o
 .data          0x00000000        0x0 ..\obj\stm32f4xx_usart.o
 .bss           0x00000000        0x0 ..\obj\stm32f4xx_usart.o
 .text.USART_DeInit
                0x00000000       0xd4 ..\obj\stm32f4xx_usart.o
 .text.USART_Init
                0x00000000      0x174 ..\obj\stm32f4xx_usart.o
 .text.USART_StructInit
                0x00000000       0x38 ..\obj\stm32f4xx_usart.o
 .text.USART_ClockInit
                0x00000000       0x54 ..\obj\stm32f4xx_usart.o
 .text.USART_ClockStructInit
                0x00000000       0x2c ..\obj\stm32f4xx_usart.o
 .text.USART_Cmd
                0x00000000       0x40 ..\obj\stm32f4xx_usart.o
 .text.USART_SetPrescaler
                0x00000000       0x38 ..\obj\stm32f4xx_usart.o
 .text.USART_OverSampling8Cmd
                0x00000000       0x44 ..\obj\stm32f4xx_usart.o
 .text.USART_OneBitMethodCmd
                0x00000000       0x40 ..\obj\stm32f4xx_usart.o
 .text.USART_ReceiveData
                0x00000000       0x20 ..\obj\stm32f4xx_usart.o
 .text.USART_SetAddress
                0x00000000       0x38 ..\obj\stm32f4xx_usart.o
 .text.USART_ReceiverWakeUpCmd
                0x00000000       0x40 ..\obj\stm32f4xx_usart.o
 .text.USART_WakeUpConfig
                0x00000000       0x38 ..\obj\stm32f4xx_usart.o
 .text.USART_LINBreakDetectLengthConfig
                0x00000000       0x38 ..\obj\stm32f4xx_usart.o
 .text.USART_LINCmd
                0x00000000       0x40 ..\obj\stm32f4xx_usart.o
 .text.USART_SendBreak
                0x00000000       0x24 ..\obj\stm32f4xx_usart.o
 .text.USART_HalfDuplexCmd
                0x00000000       0x40 ..\obj\stm32f4xx_usart.o
 .text.USART_SetGuardTime
                0x00000000       0x3c ..\obj\stm32f4xx_usart.o
 .text.USART_SmartCardCmd
                0x00000000       0x40 ..\obj\stm32f4xx_usart.o
 .text.USART_SmartCardNACKCmd
                0x00000000       0x40 ..\obj\stm32f4xx_usart.o
 .text.USART_IrDAConfig
                0x00000000       0x38 ..\obj\stm32f4xx_usart.o
 .text.USART_IrDACmd
                0x00000000       0x40 ..\obj\stm32f4xx_usart.o
 .text.USART_DMACmd
                0x00000000       0x48 ..\obj\stm32f4xx_usart.o
 .text.USART_ITConfig
                0x00000000       0x90 ..\obj\stm32f4xx_usart.o
 .text.USART_ClearFlag
                0x00000000       0x20 ..\obj\stm32f4xx_usart.o
 .text          0x00000000        0x0 ..\obj\uart.o
 .data          0x00000000       0x10 ..\obj\uart.o
 .text.UART_init
                0x00000000       0x94 ..\obj\uart.o
 .text.UART_putchar
                0x00000000       0x34 ..\obj\uart.o
 .text.UART_puts
                0x00000000       0x38 ..\obj\uart.o
 .text.UART_INT_init
                0x00000000       0x28 ..\obj\uart.o
 .text.UART_putint
                0x00000000       0x18 ..\obj\uart.o
 .text.UART_putnum
                0x00000000       0xb4 ..\obj\uart.o
 .text.UART_get
                0x00000000       0x30 ..\obj\uart.o
 .text.UART_gets
                0x00000000       0x58 ..\obj\uart.o
 .text          0x00000000        0x0 ..\obj\startup_stm32f4xx.o
 .data          0x00000000        0x0 ..\obj\startup_stm32f4xx.o
 .bss           0x00000000        0x0 ..\obj\startup_stm32f4xx.o
 .text          0x00000000        0x0 ..\obj\main.o
 .data          0x00000000        0x0 ..\obj\main.o
 .bss           0x00000000        0x0 ..\obj\main.o
 .text          0x00000000        0x0 ..\obj\stm32f4xx_rcc.o
 .data          0x00000000       0x10 ..\obj\stm32f4xx_rcc.o
 .bss           0x00000000        0x0 ..\obj\stm32f4xx_rcc.o
 .text.RCC_DeInit
                0x00000000       0x50 ..\obj\stm32f4xx_rcc.o
 .text.RCC_HSEConfig
                0x00000000       0x24 ..\obj\stm32f4xx_rcc.o
 .text.RCC_WaitForHSEStartUp
                0x00000000       0x50 ..\obj\stm32f4xx_rcc.o
 .text.RCC_AdjustHSICalibrationValue
                0x00000000       0x3c ..\obj\stm32f4xx_rcc.o
 .text.RCC_HSICmd
                0x00000000       0x20 ..\obj\stm32f4xx_rcc.o
 .text.RCC_LSEConfig
                0x00000000       0x40 ..\obj\stm32f4xx_rcc.o
 .text.RCC_LSICmd
                0x00000000       0x20 ..\obj\stm32f4xx_rcc.o
 .text.RCC_PLLConfig
                0x00000000       0x3c ..\obj\stm32f4xx_rcc.o
 .text.RCC_PLLCmd
                0x00000000       0x20 ..\obj\stm32f4xx_rcc.o
 .text.RCC_PLLI2SConfig
                0x00000000       0x28 ..\obj\stm32f4xx_rcc.o
 .text.RCC_PLLI2SCmd
                0x00000000       0x20 ..\obj\stm32f4xx_rcc.o
 .text.RCC_ClockSecuritySystemCmd
                0x00000000       0x20 ..\obj\stm32f4xx_rcc.o
 .text.RCC_MCO1Config
                0x00000000       0x3c ..\obj\stm32f4xx_rcc.o
 .text.RCC_MCO2Config
                0x00000000       0x3c ..\obj\stm32f4xx_rcc.o
 .text.RCC_SYSCLKConfig
                0x00000000       0x38 ..\obj\stm32f4xx_rcc.o
 .text.RCC_GetSYSCLKSource
                0x00000000       0x1c ..\obj\stm32f4xx_rcc.o
 .text.RCC_HCLKConfig
                0x00000000       0x38 ..\obj\stm32f4xx_rcc.o
 .text.RCC_PCLK1Config
                0x00000000       0x38 ..\obj\stm32f4xx_rcc.o
 .text.RCC_PCLK2Config
                0x00000000       0x38 ..\obj\stm32f4xx_rcc.o
 .text.RCC_GetClocksFreq
                0x00000000      0x154 ..\obj\stm32f4xx_rcc.o
 .text.RCC_RTCCLKConfig
                0x00000000       0x5c ..\obj\stm32f4xx_rcc.o
 .text.RCC_RTCCLKCmd
                0x00000000       0x20 ..\obj\stm32f4xx_rcc.o
 .text.RCC_BackupResetCmd
                0x00000000       0x20 ..\obj\stm32f4xx_rcc.o
 .text.RCC_I2SCLKConfig
                0x00000000       0x1c ..\obj\stm32f4xx_rcc.o
 .text.RCC_AHB2PeriphClockCmd
                0x00000000       0x3c ..\obj\stm32f4xx_rcc.o
 .text.RCC_AHB3PeriphClockCmd
                0x00000000       0x3c ..\obj\stm32f4xx_rcc.o
 .text.RCC_AHB1PeriphResetCmd
                0x00000000       0x3c ..\obj\stm32f4xx_rcc.o
 .text.RCC_AHB2PeriphResetCmd
                0x00000000       0x3c ..\obj\stm32f4xx_rcc.o
 .text.RCC_AHB3PeriphResetCmd
                0x00000000       0x3c ..\obj\stm32f4xx_rcc.o
 .text.RCC_APB1PeriphResetCmd
                0x00000000       0x3c ..\obj\stm32f4xx_rcc.o
 .text.RCC_APB2PeriphResetCmd
                0x00000000       0x3c ..\obj\stm32f4xx_rcc.o
 .text.RCC_AHB1PeriphClockLPModeCmd
                0x00000000       0x3c ..\obj\stm32f4xx_rcc.o
 .text.RCC_AHB2PeriphClockLPModeCmd
                0x00000000       0x3c ..\obj\stm32f4xx_rcc.o
 .text.RCC_AHB3PeriphClockLPModeCmd
                0x00000000       0x3c ..\obj\stm32f4xx_rcc.o
 .text.RCC_APB1PeriphClockLPModeCmd
                0x00000000       0x3c ..\obj\stm32f4xx_rcc.o
 .text.RCC_APB2PeriphClockLPModeCmd
                0x00000000       0x3c ..\obj\stm32f4xx_rcc.o
 .text.RCC_ITConfig
                0x00000000       0x4c ..\obj\stm32f4xx_rcc.o
 .text.RCC_GetFlagStatus
                0x00000000       0x74 ..\obj\stm32f4xx_rcc.o
 .text.RCC_ClearFlag
                0x00000000       0x1c ..\obj\stm32f4xx_rcc.o
 .text.RCC_GetITStatus
                0x00000000       0x34 ..\obj\stm32f4xx_rcc.o
 .text.RCC_ClearITPendingBit
                0x00000000       0x20 ..\obj\stm32f4xx_rcc.o
 .text          0x00000000        0x0 ..\obj\stm32f4xx_gpio.o
 .data          0x00000000        0x0 ..\obj\stm32f4xx_gpio.o
 .bss           0x00000000        0x0 ..\obj\stm32f4xx_gpio.o
 .text.GPIO_DeInit
                0x00000000      0x120 ..\obj\stm32f4xx_gpio.o
 .text.GPIO_StructInit
                0x00000000       0x34 ..\obj\stm32f4xx_gpio.o
 .text.GPIO_PinLockConfig
                0x00000000       0x44 ..\obj\stm32f4xx_gpio.o
 .text.GPIO_ReadInputDataBit
                0x00000000       0x34 ..\obj\stm32f4xx_gpio.o
 .text.GPIO_ReadInputData
                0x00000000       0x18 ..\obj\stm32f4xx_gpio.o
 .text.GPIO_ReadOutputDataBit
                0x00000000       0x34 ..\obj\stm32f4xx_gpio.o
 .text.GPIO_ReadOutputData
                0x00000000       0x18 ..\obj\stm32f4xx_gpio.o
 .text.GPIO_SetBits
                0x00000000       0x1c ..\obj\stm32f4xx_gpio.o
 .text.GPIO_ResetBits
                0x00000000       0x1c ..\obj\stm32f4xx_gpio.o
 .text.GPIO_WriteBit
                0x00000000       0x30 ..\obj\stm32f4xx_gpio.o
 .text.GPIO_Write
                0x00000000       0x1c ..\obj\stm32f4xx_gpio.o
 .text.GPIO_ToggleBits
                0x00000000       0x24 ..\obj\stm32f4xx_gpio.o
 .text          0x00000000        0x0 ..\obj\system_stm32f4xx.o
 .data          0x00000000       0x14 ..\obj\system_stm32f4xx.o
 .bss           0x00000000        0x0 ..\obj\system_stm32f4xx.o
 .text.SystemCoreClockUpdate
                0x00000000       0xf8 ..\obj\system_stm32f4xx.o
 .text          0x00000000        0x0 ..\obj\stm32f4xx_dma.o
 .data          0x00000000        0x0 ..\obj\stm32f4xx_dma.o
 .bss           0x00000000        0x0 ..\obj\stm32f4xx_dma.o
 .text.DMA_StructInit
                0x00000000       0x6c ..\obj\stm32f4xx_dma.o
 .text.DMA_PeriphIncOffsetSizeConfig
                0x00000000       0x34 ..\obj\stm32f4xx_dma.o
 .text.DMA_FlowControllerConfig
                0x00000000       0x34 ..\obj\stm32f4xx_dma.o
 .text.DMA_SetCurrDataCounter
                0x00000000       0x1c ..\obj\stm32f4xx_dma.o
 .text.DMA_GetCurrDataCounter
                0x00000000       0x18 ..\obj\stm32f4xx_dma.o
 .text.DMA_DoubleBufferModeConfig
                0x00000000       0x3c ..\obj\stm32f4xx_dma.o
 .text.DMA_DoubleBufferModeCmd
                0x00000000       0x38 ..\obj\stm32f4xx_dma.o
 .text.DMA_MemoryTargetConfig
                0x00000000       0x2c ..\obj\stm32f4xx_dma.o
 .text.DMA_GetCurrentMemoryTarget
                0x00000000       0x30 ..\obj\stm32f4xx_dma.o
 .text.DMA_GetCmdStatus
                0x00000000       0x30 ..\obj\stm32f4xx_dma.o
 .text.DMA_GetFIFOStatus
                0x00000000       0x24 ..\obj\stm32f4xx_dma.o
 .text.DMA_GetFlagStatus
                0x00000000       0x74 ..\obj\stm32f4xx_dma.o
 .text.DMA_ClearFlag
                0x00000000       0x5c ..\obj\stm32f4xx_dma.o
 .text          0x00000000        0x0 ..\obj\API_IO.o
 .data          0x00000000        0x0 ..\obj\API_IO.o
 .bss           0x00000000        0x0 ..\obj\API_IO.o
 .text          0x00000000        0x0 ..\obj\stm32_ub_vga_screen.o
 .data          0x00000000        0x0 ..\obj\stm32_ub_vga_screen.o
 .bss           0x00000000        0x0 ..\obj\stm32_ub_vga_screen.o
 .text          0x00000000        0x0 ..\obj\misc.o
 .data          0x00000000        0x0 ..\obj\misc.o
 .bss           0x00000000        0x0 ..\obj\misc.o
 .text.NVIC_PriorityGroupConfig
                0x00000000       0x24 ..\obj\misc.o
 .text.NVIC_SetVectorTable
                0x00000000       0x2c ..\obj\misc.o
 .text.NVIC_SystemLPConfig
                0x00000000       0x40 ..\obj\misc.o
 .text.SysTick_CLKSourceConfig
                0x00000000       0x38 ..\obj\misc.o
 .text          0x00000000        0x0 ..\obj\stm32f4xx_tim.o
 .data          0x00000000        0x0 ..\obj\stm32f4xx_tim.o
 .bss           0x00000000        0x0 ..\obj\stm32f4xx_tim.o
 .text.TIM_DeInit
                0x00000000      0x1c0 ..\obj\stm32f4xx_tim.o
 .text.TIM_TimeBaseStructInit
                0x00000000       0x34 ..\obj\stm32f4xx_tim.o
 .text.TIM_PrescalerConfig
                0x00000000       0x28 ..\obj\stm32f4xx_tim.o
 .text.TIM_CounterModeConfig
                0x00000000       0x38 ..\obj\stm32f4xx_tim.o
 .text.TIM_SetCounter
                0x00000000       0x1c ..\obj\stm32f4xx_tim.o
 .text.TIM_SetAutoreload
                0x00000000       0x1c ..\obj\stm32f4xx_tim.o
 .text.TIM_GetCounter
                0x00000000       0x18 ..\obj\stm32f4xx_tim.o
 .text.TIM_GetPrescaler
                0x00000000       0x18 ..\obj\stm32f4xx_tim.o
 .text.TIM_UpdateDisableConfig
                0x00000000       0x40 ..\obj\stm32f4xx_tim.o
 .text.TIM_UpdateRequestConfig
                0x00000000       0x40 ..\obj\stm32f4xx_tim.o
 .text.TIM_SelectOnePulseMode
                0x00000000       0x38 ..\obj\stm32f4xx_tim.o
 .text.TIM_SetClockDivision
                0x00000000       0x38 ..\obj\stm32f4xx_tim.o
 .text.TIM_OC1Init
                0x00000000       0xf4 ..\obj\stm32f4xx_tim.o
 .text.TIM_OC2Init
                0x00000000      0x110 ..\obj\stm32f4xx_tim.o
 .text.TIM_OCStructInit
                0x00000000       0x44 ..\obj\stm32f4xx_tim.o
 .text.TIM_SelectOCxM
                0x00000000       0xb0 ..\obj\stm32f4xx_tim.o
 .text.TIM_SetCompare1
                0x00000000       0x1c ..\obj\stm32f4xx_tim.o
 .text.TIM_SetCompare2
                0x00000000       0x1c ..\obj\stm32f4xx_tim.o
 .text.TIM_SetCompare3
                0x00000000       0x1c ..\obj\stm32f4xx_tim.o
 .text.TIM_SetCompare4
                0x00000000       0x1c ..\obj\stm32f4xx_tim.o
 .text.TIM_ForcedOC1Config
                0x00000000       0x38 ..\obj\stm32f4xx_tim.o
 .text.TIM_ForcedOC2Config
                0x00000000       0x3c ..\obj\stm32f4xx_tim.o
 .text.TIM_ForcedOC3Config
                0x00000000       0x38 ..\obj\stm32f4xx_tim.o
 .text.TIM_ForcedOC4Config
                0x00000000       0x3c ..\obj\stm32f4xx_tim.o
 .text.TIM_OC1PreloadConfig
                0x00000000       0x38 ..\obj\stm32f4xx_tim.o
 .text.TIM_OC2PreloadConfig
                0x00000000       0x3c ..\obj\stm32f4xx_tim.o
 .text.TIM_OC1FastConfig
                0x00000000       0x38 ..\obj\stm32f4xx_tim.o
 .text.TIM_OC2FastConfig
                0x00000000       0x3c ..\obj\stm32f4xx_tim.o
 .text.TIM_OC3FastConfig
                0x00000000       0x38 ..\obj\stm32f4xx_tim.o
 .text.TIM_OC4FastConfig
                0x00000000       0x3c ..\obj\stm32f4xx_tim.o
 .text.TIM_ClearOC1Ref
                0x00000000       0x38 ..\obj\stm32f4xx_tim.o
 .text.TIM_ClearOC2Ref
                0x00000000       0x3c ..\obj\stm32f4xx_tim.o
 .text.TIM_ClearOC3Ref
                0x00000000       0x38 ..\obj\stm32f4xx_tim.o
 .text.TIM_ClearOC4Ref
                0x00000000       0x3c ..\obj\stm32f4xx_tim.o
 .text.TIM_OC1PolarityConfig
                0x00000000       0x38 ..\obj\stm32f4xx_tim.o
 .text.TIM_OC1NPolarityConfig
                0x00000000       0x38 ..\obj\stm32f4xx_tim.o
 .text.TIM_OC2PolarityConfig
                0x00000000       0x3c ..\obj\stm32f4xx_tim.o
 .text.TIM_OC2NPolarityConfig
                0x00000000       0x3c ..\obj\stm32f4xx_tim.o
 .text.TIM_OC3PolarityConfig
                0x00000000       0x3c ..\obj\stm32f4xx_tim.o
 .text.TIM_OC3NPolarityConfig
                0x00000000       0x3c ..\obj\stm32f4xx_tim.o
 .text.TIM_OC4PolarityConfig
                0x00000000       0x3c ..\obj\stm32f4xx_tim.o
 .text.TIM_CCxCmd
                0x00000000       0x54 ..\obj\stm32f4xx_tim.o
 .text.TIM_CCxNCmd
                0x00000000       0x54 ..\obj\stm32f4xx_tim.o
 .text.TIM_ICInit
                0x00000000       0xa8 ..\obj\stm32f4xx_tim.o
 .text.TIM_ICStructInit
                0x00000000       0x30 ..\obj\stm32f4xx_tim.o
 .text.TIM_PWMIConfig
                0x00000000       0xb8 ..\obj\stm32f4xx_tim.o
 .text.TIM_GetCapture1
                0x00000000       0x18 ..\obj\stm32f4xx_tim.o
 .text.TIM_GetCapture2
                0x00000000       0x18 ..\obj\stm32f4xx_tim.o
 .text.TIM_GetCapture3
                0x00000000       0x18 ..\obj\stm32f4xx_tim.o
 .text.TIM_GetCapture4
                0x00000000       0x18 ..\obj\stm32f4xx_tim.o
 .text.TIM_SetIC1Prescaler
                0x00000000       0x38 ..\obj\stm32f4xx_tim.o
 .text.TIM_SetIC2Prescaler
                0x00000000       0x3c ..\obj\stm32f4xx_tim.o
 .text.TIM_SetIC3Prescaler
                0x00000000       0x38 ..\obj\stm32f4xx_tim.o
 .text.TIM_SetIC4Prescaler
                0x00000000       0x3c ..\obj\stm32f4xx_tim.o
 .text.TIM_BDTRConfig
                0x00000000       0x50 ..\obj\stm32f4xx_tim.o
 .text.TIM_BDTRStructInit
                0x00000000       0x3c ..\obj\stm32f4xx_tim.o
 .text.TIM_CtrlPWMOutputs
                0x00000000       0x4c ..\obj\stm32f4xx_tim.o
 .text.TIM_SelectCOM
                0x00000000       0x40 ..\obj\stm32f4xx_tim.o
 .text.TIM_CCPreloadControl
                0x00000000       0x40 ..\obj\stm32f4xx_tim.o
 .text.TIM_GenerateEvent
                0x00000000       0x1c ..\obj\stm32f4xx_tim.o
 .text.TIM_GetFlagStatus
                0x00000000       0x38 ..\obj\stm32f4xx_tim.o
 .text.TIM_ClearFlag
                0x00000000       0x20 ..\obj\stm32f4xx_tim.o
 .text.TIM_GetITStatus
                0x00000000       0x54 ..\obj\stm32f4xx_tim.o
 .text.TIM_DMAConfig
                0x00000000       0x28 ..\obj\stm32f4xx_tim.o
 .text.TIM_SelectCCDMA
                0x00000000       0x40 ..\obj\stm32f4xx_tim.o
 .text.TIM_InternalClockConfig
                0x00000000       0x24 ..\obj\stm32f4xx_tim.o
 .text.TIM_ITRxExternalClockConfig
                0x00000000       0x30 ..\obj\stm32f4xx_tim.o
 .text.TIM_TIxExternalClockConfig
                0x00000000       0x5c ..\obj\stm32f4xx_tim.o
 .text.TIM_ETRClockMode1Config
                0x00000000       0x60 ..\obj\stm32f4xx_tim.o
 .text.TIM_ETRClockMode2Config
                0x00000000       0x40 ..\obj\stm32f4xx_tim.o
 .text.TIM_SelectInputTrigger
                0x00000000       0x38 ..\obj\stm32f4xx_tim.o
 .text.TIM_SelectOutputTrigger
                0x00000000       0x38 ..\obj\stm32f4xx_tim.o
 .text.TIM_SelectSlaveMode
                0x00000000       0x38 ..\obj\stm32f4xx_tim.o
 .text.TIM_SelectMasterSlaveMode
                0x00000000       0x38 ..\obj\stm32f4xx_tim.o
 .text.TIM_ETRConfig
                0x00000000       0x54 ..\obj\stm32f4xx_tim.o
 .text.TIM_EncoderInterfaceConfig
                0x00000000       0x98 ..\obj\stm32f4xx_tim.o
 .text.TIM_SelectHallSensor
                0x00000000       0x40 ..\obj\stm32f4xx_tim.o
 .text.TIM_RemapConfig
                0x00000000       0x20 ..\obj\stm32f4xx_tim.o
 .text.TI1_Config
                0x00000000       0x84 ..\obj\stm32f4xx_tim.o
 .text.TI2_Config
                0x00000000       0x98 ..\obj\stm32f4xx_tim.o
 .text.TI3_Config
                0x00000000       0x90 ..\obj\stm32f4xx_tim.o
 .text.TI4_Config
                0x00000000       0x9c ..\obj\stm32f4xx_tim.o
 .data          0x00000000        0x0 c:/program files (x86)/gnu tools arm embedded/5.4 2016q3/bin/../lib/gcc/arm-none-eabi/5.4.1/armv7e-m\libgcc.a(_arm_addsubsf3.o)
 .bss           0x00000000        0x0 c:/program files (x86)/gnu tools arm embedded/5.4 2016q3/bin/../lib/gcc/arm-none-eabi/5.4.1/armv7e-m\libgcc.a(_arm_addsubsf3.o)
 .data          0x00000000        0x0 c:/program files (x86)/gnu tools arm embedded/5.4 2016q3/bin/../lib/gcc/arm-none-eabi/5.4.1/armv7e-m\libgcc.a(_arm_muldivsf3.o)
 .bss           0x00000000        0x0 c:/program files (x86)/gnu tools arm embedded/5.4 2016q3/bin/../lib/gcc/arm-none-eabi/5.4.1/armv7e-m\libgcc.a(_arm_muldivsf3.o)
 .data          0x00000000        0x0 c:/program files (x86)/gnu tools arm embedded/5.4 2016q3/bin/../lib/gcc/arm-none-eabi/5.4.1/armv7e-m\libgcc.a(_arm_cmpsf2.o)
 .bss           0x00000000        0x0 c:/program files (x86)/gnu tools arm embedded/5.4 2016q3/bin/../lib/gcc/arm-none-eabi/5.4.1/armv7e-m\libgcc.a(_arm_cmpsf2.o)
 .data          0x00000000        0x0 c:/program files (x86)/gnu tools arm embedded/5.4 2016q3/bin/../lib/gcc/arm-none-eabi/5.4.1/armv7e-m\libgcc.a(_arm_fixsfsi.o)
 .bss           0x00000000        0x0 c:/program files (x86)/gnu tools arm embedded/5.4 2016q3/bin/../lib/gcc/arm-none-eabi/5.4.1/armv7e-m\libgcc.a(_arm_fixsfsi.o)
 .data          0x00000000        0x0 c:/program files (x86)/gnu tools arm embedded/5.4 2016q3/bin/../lib/gcc/arm-none-eabi/5.4.1/armv7e-m\libgcc.a(_arm_fixunssfsi.o)
 .bss           0x00000000        0x0 c:/program files (x86)/gnu tools arm embedded/5.4 2016q3/bin/../lib/gcc/arm-none-eabi/5.4.1/armv7e-m\libgcc.a(_arm_fixunssfsi.o)

Memory Configuration

Name             Origin             Length             Attributes
rom              0x08000000         0x00100000         xr
ram              0x20000000         0x00020000         xrw
ram1             0x10000000         0x00010000         xrw
*default*        0x00000000         0xffffffff

Linker script and memory map

                0x20020000                _eram = 0x20020000

.text           0x08000000     0x1d38
 *(.isr_vector)
 .isr_vector    0x08000000      0x188 ..\obj\startup_stm32f4xx.o
                0x08000000                g_pfnVectors
 *(.text*)
 .text.USART_SendData
                0x08000188       0x24 ..\obj\stm32f4xx_usart.o
                0x08000188                USART_SendData
 .text.USART_GetFlagStatus
                0x080001ac       0x38 ..\obj\stm32f4xx_usart.o
                0x080001ac                USART_GetFlagStatus
 .text.USART_GetITStatus
                0x080001e4       0xb4 ..\obj\stm32f4xx_usart.o
                0x080001e4                USART_GetITStatus
 .text.USART_ClearITPendingBit
                0x08000298       0x38 ..\obj\stm32f4xx_usart.o
                0x08000298                USART_ClearITPendingBit
 .text.USART2_IRQHandler
                0x080002d0       0xb4 ..\obj\uart.o
                0x080002d0                USART2_IRQHandler
 .text.Default_Reset_Handler
                0x08000384       0x5c ..\obj\startup_stm32f4xx.o
                0x08000384                Default_Reset_Handler
                0x08000384                Reset_Handler
 .text.Default_Handler
                0x080003e0        0x8 ..\obj\startup_stm32f4xx.o
                0x080003e0                RTC_Alarm_IRQHandler
                0x080003e0                HASH_RNG_IRQHandler
                0x080003e0                EXTI2_IRQHandler
                0x080003e0                TIM8_CC_IRQHandler
                0x080003e0                DebugMon_Handler
                0x080003e0                TIM1_CC_IRQHandler
                0x080003e0                HardFault_Handler
                0x080003e0                DMA1_Stream5_IRQHandler
                0x080003e0                SysTick_Handler
                0x080003e0                PVD_IRQHandler
                0x080003e0                SDIO_IRQHandler
                0x080003e0                TAMP_STAMP_IRQHandler
                0x080003e0                PendSV_Handler
                0x080003e0                NMI_Handler
                0x080003e0                CAN2_RX1_IRQHandler
                0x080003e0                EXTI3_IRQHandler
                0x080003e0                TIM8_TRG_COM_TIM14_IRQHandler
                0x080003e0                TIM1_UP_TIM10_IRQHandler
                0x080003e0                TIM8_UP_TIM13_IRQHandler
                0x080003e0                I2C3_ER_IRQHandler
                0x080003e0                EXTI0_IRQHandler
                0x080003e0                I2C2_EV_IRQHandler
                0x080003e0                DMA1_Stream2_IRQHandler
                0x080003e0                CAN1_RX0_IRQHandler
                0x080003e0                FPU_IRQHandler
                0x080003e0                OTG_HS_WKUP_IRQHandler
                0x080003e0                UsageFault_Handler
                0x080003e0                CAN2_SCE_IRQHandler
                0x080003e0                DMA2_Stream2_IRQHandler
                0x080003e0                SPI1_IRQHandler
                0x080003e0                TIM6_DAC_IRQHandler
                0x080003e0                TIM1_BRK_TIM9_IRQHandler
                0x080003e0                DCMI_IRQHandler
                0x080003e0                CAN2_RX0_IRQHandler
                0x080003e0                DMA2_Stream3_IRQHandler
                0x080003e0                USART6_IRQHandler
                0x080003e0                USART3_IRQHandler
                0x080003e0                CRYP_IRQHandler
                0x080003e0                CAN1_RX1_IRQHandler
                0x080003e0                UART5_IRQHandler
                0x080003e0                DMA2_Stream0_IRQHandler
                0x080003e0                TIM4_IRQHandler
                0x080003e0                I2C1_EV_IRQHandler
                0x080003e0                DMA1_Stream6_IRQHandler
                0x080003e0                DMA1_Stream1_IRQHandler
                0x080003e0                UART4_IRQHandler
                0x080003e0                TIM3_IRQHandler
                0x080003e0                RCC_IRQHandler
                0x080003e0                TIM8_BRK_TIM12_IRQHandler
                0x080003e0                EXTI15_10_IRQHandler
                0x080003e0                ADC_IRQHandler
                0x080003e0                DMA1_Stream7_IRQHandler
                0x080003e0                TIM7_IRQHandler
                0x080003e0                CAN2_TX_IRQHandler
                0x080003e0                TIM5_IRQHandler
                0x080003e0                DMA2_Stream7_IRQHandler
                0x080003e0                I2C3_EV_IRQHandler
                0x080003e0                EXTI9_5_IRQHandler
                0x080003e0                RTC_WKUP_IRQHandler
                0x080003e0                ETH_WKUP_IRQHandler
                0x080003e0                SPI2_IRQHandler
                0x080003e0                OTG_HS_EP1_IN_IRQHandler
                0x080003e0                MemManage_Handler
                0x080003e0                DMA1_Stream0_IRQHandler
                0x080003e0                CAN1_TX_IRQHandler
                0x080003e0                SVC_Handler
                0x080003e0                EXTI4_IRQHandler
                0x080003e0                FSMC_IRQHandler
                0x080003e0                ETH_IRQHandler
                0x080003e0                OTG_HS_EP1_OUT_IRQHandler
                0x080003e0                WWDG_IRQHandler
                0x080003e0                OTG_FS_WKUP_IRQHandler
                0x080003e0                TIM1_TRG_COM_TIM11_IRQHandler
                0x080003e0                OTG_HS_IRQHandler
                0x080003e0                EXTI1_IRQHandler
                0x080003e0                I2C2_ER_IRQHandler
                0x080003e0                DMA2_Stream1_IRQHandler
                0x080003e0                CAN1_SCE_IRQHandler
                0x080003e0                FLASH_IRQHandler
                0x080003e0                DMA2_Stream4_IRQHandler
                0x080003e0                BusFault_Handler
                0x080003e0                USART1_IRQHandler
                0x080003e0                OTG_FS_IRQHandler
                0x080003e0                SPI3_IRQHandler
                0x080003e0                DMA1_Stream4_IRQHandler
                0x080003e0                I2C1_ER_IRQHandler
                0x080003e0                DMA2_Stream6_IRQHandler
                0x080003e0                DMA1_Stream3_IRQHandler
 .text.main     0x080003e8       0x40 ..\obj\main.o
                0x080003e8                main
 .text.RCC_AHB1PeriphClockCmd
                0x08000428       0x3c ..\obj\stm32f4xx_rcc.o
                0x08000428                RCC_AHB1PeriphClockCmd
 .text.RCC_APB1PeriphClockCmd
                0x08000464       0x3c ..\obj\stm32f4xx_rcc.o
                0x08000464                RCC_APB1PeriphClockCmd
 .text.RCC_APB2PeriphClockCmd
                0x080004a0       0x3c ..\obj\stm32f4xx_rcc.o
                0x080004a0                RCC_APB2PeriphClockCmd
 .text.GPIO_Init
                0x080004dc      0x11c ..\obj\stm32f4xx_gpio.o
                0x080004dc                GPIO_Init
 .text.GPIO_PinAFConfig
                0x080005f8       0x90 ..\obj\stm32f4xx_gpio.o
                0x080005f8                GPIO_PinAFConfig
 .text.SystemInit
                0x08000688       0x5c ..\obj\system_stm32f4xx.o
                0x08000688                SystemInit
 .text.SetSysClock
                0x080006e4       0xf4 ..\obj\system_stm32f4xx.o
 .text.DMA_DeInit
                0x080007d8      0x1a4 ..\obj\stm32f4xx_dma.o
                0x080007d8                DMA_DeInit
 .text.DMA_Init
                0x0800097c       0xac ..\obj\stm32f4xx_dma.o
                0x0800097c                DMA_Init
 .text.DMA_Cmd  0x08000a28       0x38 ..\obj\stm32f4xx_dma.o
                0x08000a28                DMA_Cmd
 .text.DMA_ITConfig
                0x08000a60       0x74 ..\obj\stm32f4xx_dma.o
                0x08000a60                DMA_ITConfig
 .text.DMA_GetITStatus
                0x08000ad4       0xac ..\obj\stm32f4xx_dma.o
                0x08000ad4                DMA_GetITStatus
 .text.DMA_ClearITPendingBit
                0x08000b80       0x5c ..\obj\stm32f4xx_dma.o
                0x08000b80                DMA_ClearITPendingBit
 .text.UB_VGA_Line
                0x08000bdc      0x1a4 ..\obj\API_IO.o
                0x08000bdc                UB_VGA_Line
 .text.UB_VGA_Screen_Init
                0x08000d80       0x80 ..\obj\stm32_ub_vga_screen.o
                0x08000d80                UB_VGA_Screen_Init
 .text.UB_VGA_FillScreen
                0x08000e00       0x44 ..\obj\stm32_ub_vga_screen.o
                0x08000e00                UB_VGA_FillScreen
 .text.UB_VGA_SetPixel
                0x08000e44       0x4c ..\obj\stm32_ub_vga_screen.o
                0x08000e44                UB_VGA_SetPixel
 .text.P_VGA_InitIO
                0x08000e90       0xa8 ..\obj\stm32_ub_vga_screen.o
                0x08000e90                P_VGA_InitIO
 .text.P_VGA_InitTIM
                0x08000f38       0xcc ..\obj\stm32_ub_vga_screen.o
                0x08000f38                P_VGA_InitTIM
 .text.P_VGA_InitINT
                0x08001004       0x58 ..\obj\stm32_ub_vga_screen.o
                0x08001004                P_VGA_InitINT
 .text.P_VGA_InitDMA
                0x0800105c       0x90 ..\obj\stm32_ub_vga_screen.o
                0x0800105c                P_VGA_InitDMA
 .text.TIM2_IRQHandler
                0x080010ec       0xbc ..\obj\stm32_ub_vga_screen.o
                0x080010ec                TIM2_IRQHandler
 .text.DMA2_Stream5_IRQHandler
                0x080011a8       0x4c ..\obj\stm32_ub_vga_screen.o
                0x080011a8                DMA2_Stream5_IRQHandler
 .text.NVIC_Init
                0x080011f4       0xc0 ..\obj\misc.o
                0x080011f4                NVIC_Init
 .text.TIM_TimeBaseInit
                0x080012b4       0xd4 ..\obj\stm32f4xx_tim.o
                0x080012b4                TIM_TimeBaseInit
 .text.TIM_ARRPreloadConfig
                0x08001388       0x40 ..\obj\stm32f4xx_tim.o
                0x08001388                TIM_ARRPreloadConfig
 .text.TIM_Cmd  0x080013c8       0x40 ..\obj\stm32f4xx_tim.o
                0x080013c8                TIM_Cmd
 .text.TIM_OC3Init
                0x08001408      0x10c ..\obj\stm32f4xx_tim.o
                0x08001408                TIM_OC3Init
 .text.TIM_OC4Init
                0x08001514       0xcc ..\obj\stm32f4xx_tim.o
                0x08001514                TIM_OC4Init
 .text.TIM_OC3PreloadConfig
                0x080015e0       0x38 ..\obj\stm32f4xx_tim.o
                0x080015e0                TIM_OC3PreloadConfig
 .text.TIM_OC4PreloadConfig
                0x08001618       0x3c ..\obj\stm32f4xx_tim.o
                0x08001618                TIM_OC4PreloadConfig
 .text.TIM_ITConfig
                0x08001654       0x48 ..\obj\stm32f4xx_tim.o
                0x08001654                TIM_ITConfig
 .text.TIM_ClearITPendingBit
                0x0800169c       0x20 ..\obj\stm32f4xx_tim.o
                0x0800169c                TIM_ClearITPendingBit
 .text.TIM_DMACmd
                0x080016bc       0x48 ..\obj\stm32f4xx_tim.o
                0x080016bc                TIM_DMACmd
 .text          0x08001704      0x21c c:/program files (x86)/gnu tools arm embedded/5.4 2016q3/bin/../lib/gcc/arm-none-eabi/5.4.1/armv7e-m\libgcc.a(_arm_addsubsf3.o)
                0x08001704                __aeabi_frsub
                0x0800170c                __subsf3
                0x0800170c                __aeabi_fsub
                0x08001710                __aeabi_fadd
                0x08001710                __addsf3
                0x08001870                __aeabi_ui2f
                0x08001870                __floatunsisf
                0x08001878                __aeabi_i2f
                0x08001878                __floatsisf
                0x08001894                __aeabi_ul2f
                0x08001894                __floatundisf
                0x080018a4                __aeabi_l2f
                0x080018a4                __floatdisf
 .text          0x08001920      0x2a0 c:/program files (x86)/gnu tools arm embedded/5.4 2016q3/bin/../lib/gcc/arm-none-eabi/5.4.1/armv7e-m\libgcc.a(_arm_muldivsf3.o)
                0x08001920                __mulsf3
                0x08001920                __aeabi_fmul
                0x08001a88                __aeabi_fdiv
                0x08001a88                __divsf3
 .text          0x08001bc0       0xec c:/program files (x86)/gnu tools arm embedded/5.4 2016q3/bin/../lib/gcc/arm-none-eabi/5.4.1/armv7e-m\libgcc.a(_arm_cmpsf2.o)
                0x08001bc0                __gesf2
                0x08001bc0                __gtsf2
                0x08001bc8                __lesf2
                0x08001bc8                __ltsf2
                0x08001bd0                __nesf2
                0x08001bd0                __eqsf2
                0x08001bd0                __cmpsf2
                0x08001c30                __aeabi_cfrcmple
                0x08001c38                __aeabi_cfcmpeq
                0x08001c38                __aeabi_cfcmple
                0x08001c48                __aeabi_fcmpeq
                0x08001c5c                __aeabi_fcmplt
                0x08001c70                __aeabi_fcmple
                0x08001c84                __aeabi_fcmpge
                0x08001c98                __aeabi_fcmpgt
 .text          0x08001cac       0x4c c:/program files (x86)/gnu tools arm embedded/5.4 2016q3/bin/../lib/gcc/arm-none-eabi/5.4.1/armv7e-m\libgcc.a(_arm_fixsfsi.o)
                0x08001cac                __aeabi_f2iz
                0x08001cac                __fixsfsi
 .text          0x08001cf8       0x40 c:/program files (x86)/gnu tools arm embedded/5.4 2016q3/bin/../lib/gcc/arm-none-eabi/5.4.1/armv7e-m\libgcc.a(_arm_fixunssfsi.o)
                0x08001cf8                __fixunssfsi
                0x08001cf8                __aeabi_f2uiz
 *(.init)
 *(.fini)
 *crtbegin.o(.ctors)
 *crtbegin?.o(.ctors)
 *(EXCLUDE_FILE(*crtend.o *crtend?.o) .ctors)
 *(SORT(.ctors.*))
 *(.ctors)
 *crtbegin.o(.dtors)
 *crtbegin?.o(.dtors)
 *(EXCLUDE_FILE(*crtend.o *crtend?.o) .dtors)
 *(SORT(.dtors.*))
 *(.dtors)
 *(.rodata*)
 *(.eh_fram e*)

.glue_7         0x08001d38        0x0
 .glue_7        0x08001d38        0x0 linker stubs

.glue_7t        0x08001d38        0x0
 .glue_7t       0x08001d38        0x0 linker stubs

.vfp11_veneer   0x08001d38        0x0
 .vfp11_veneer  0x08001d38        0x0 linker stubs

.v4_bx          0x08001d38        0x0
 .v4_bx         0x08001d38        0x0 linker stubs

.iplt           0x08001d38        0x0
 .iplt          0x08001d38        0x0 ..\obj\stm32f4xx_usart.o

.rel.dyn        0x08001d38        0x0
 .rel.iplt      0x08001d38        0x0 ..\obj\stm32f4xx_usart.o

.ARM.extab
 *(.ARM.extab* .gnu.linkonce.armextab.*)
                0x08001d38                __exidx_start = .

.ARM.exidx
 *(.ARM.exidx* .gnu.linkonce.armexidx.*)
                0x08001d38                __exidx_end = .
                0x08001d38                __etext = .
                0x08001d38                _sidata = __etext

.data           0x20000000        0x0 load address 0x08001d38
                0x20000000                __data_start__ = .
                0x20000000                _sdata = __data_start__
 *(vtable)
 *(.data*)
                0x20000000                . = ALIGN (0x4)
                [!provide]                PROVIDE (__preinit_array_start, .)
 *(.preinit_array)
                [!provide]                PROVIDE (__preinit_array_end, .)
                0x20000000                . = ALIGN (0x4)
                [!provide]                PROVIDE (__init_array_start, .)
 *(SORT(.init_array.*))
 *(.init_array)
                [!provide]                PROVIDE (__init_array_end, .)
                0x20000000                . = ALIGN (0x4)
                [!provide]                PROVIDE (__fini_array_start, .)
 *(SORT(.fini_array.*))
 *(.fini_array)
                [!provide]                PROVIDE (__fini_array_end, .)
 *(.jcr*)
                0x20000000                . = ALIGN (0x4)
                0x20000000                __data_end__ = .
                0x20000000                _edata = __data_end__

.igot.plt       0x20000000        0x0
 .igot.plt      0x20000000        0x0 ..\obj\stm32f4xx_usart.o

.bss            0x20000000    0x12d64
                0x20000000                . = ALIGN (0x4)
                0x20000000                __bss_start__ = .
                0x20000000                _sbss = __bss_start__
 *(.bss*)
 .bss           0x20000000        0x4 ..\obj\uart.o
                0x20000000                charcounter
 *(COMMON)
 COMMON         0x20000004    0x12d60 ..\obj\uart.o
                0x20000004                string
                0x20000068                VGA
                0x20000074                VGA_RAM1
                0x20012d64                . = ALIGN (0x4)
                0x20012d64                __bss_end__ = .
                0x20012d64                _ebss = __bss_end__

.heap           0x20012d64        0x0
                0x20012d64                __end__ = .
                0x20012d64                _end = __end__
                0x20012d64                end = __end__
 *(.heap*)
                0x20012d64                __HeapLimit = .

.co_stack       0x20012d64      0x804
                0x20012d68                . = ALIGN (0x8)
 *fill*         0x20012d64        0x4 
 *(.co_stack .co_stack.*)
 .co_stack      0x20012d68      0x800 ..\obj\startup_stm32f4xx.o
                0x20012d68                pulStack
                0x20020000                __StackTop = (ORIGIN (ram) + LENGTH (ram))
                0x2001f7fc                __StackLimit = (__StackTop - SIZEOF (.co_stack))
                [!provide]                PROVIDE (__stack, __StackTop)
                0x00000001                ASSERT ((__StackLimit >= __HeapLimit), region ram  overflowed with stack)
LOAD ..\obj\stm32f4xx_usart.o
LOAD ..\obj\uart.o
LOAD ..\obj\startup_stm32f4xx.o
LOAD ..\obj\main.o
LOAD ..\obj\stm32f4xx_rcc.o
LOAD ..\obj\stm32f4xx_gpio.o
LOAD ..\obj\system_stm32f4xx.o
LOAD ..\obj\stm32f4xx_dma.o
LOAD ..\obj\API_IO.o
LOAD ..\obj\stm32_ub_vga_screen.o
LOAD ..\obj\misc.o
LOAD ..\obj\stm32f4xx_tim.o
LOAD c:/program files (x86)/gnu tools arm embedded/5.4 2016q3/bin/../lib/gcc/arm-none-eabi/5.4.1/../../../../arm-none-eabi/lib/armv7e-m\libm.a
START GROUP
LOAD c:/program files (x86)/gnu tools arm embedded/5.4 2016q3/bin/../lib/gcc/arm-none-eabi/5.4.1/armv7e-m\libgcc.a
LOAD c:/program files (x86)/gnu tools arm embedded/5.4 2016q3/bin/../lib/gcc/arm-none-eabi/5.4.1/../../../../arm-none-eabi/lib/armv7e-m\libg.a
LOAD c:/program files (x86)/gnu tools arm embedded/5.4 2016q3/bin/../lib/gcc/arm-none-eabi/5.4.1/../../../../arm-none-eabi/lib/armv7e-m\libc.a
END GROUP
OUTPUT(VGA_Core.elf elf32-littlearm)

.debug_info     0x00000000     0x6397
 .debug_info    0x00000000      0x9ca ..\obj\stm32f4xx_usart.o
 .debug_info    0x000009ca      0x90d ..\obj\uart.o
 .debug_info    0x000012d7       0xf2 ..\obj\startup_stm32f4xx.o
 .debug_info    0x000013c9      0x188 ..\obj\main.o
 .debug_info    0x00001551      0xc63 ..\obj\stm32f4xx_rcc.o
 .debug_info    0x000021b4      0x61a ..\obj\stm32f4xx_gpio.o
 .debug_info    0x000027ce      0x5c5 ..\obj\system_stm32f4xx.o
 .debug_info    0x00002d93      0x741 ..\obj\stm32f4xx_dma.o
 .debug_info    0x000034d4      0x22b ..\obj\API_IO.o
 .debug_info    0x000036ff      0xad9 ..\obj\stm32_ub_vga_screen.o
 .debug_info    0x000041d8      0x556 ..\obj\misc.o
 .debug_info    0x0000472e     0x1c69 ..\obj\stm32f4xx_tim.o

.debug_abbrev   0x00000000     0x1021
 .debug_abbrev  0x00000000      0x157 ..\obj\stm32f4xx_usart.o
 .debug_abbrev  0x00000157      0x1ac ..\obj\uart.o
 .debug_abbrev  0x00000303       0xb0 ..\obj\startup_stm32f4xx.o
 .debug_abbrev  0x000003b3       0xcf ..\obj\main.o
 .debug_abbrev  0x00000482      0x1e5 ..\obj\stm32f4xx_rcc.o
 .debug_abbrev  0x00000667      0x1a7 ..\obj\stm32f4xx_gpio.o
 .debug_abbrev  0x0000080e      0x138 ..\obj\system_stm32f4xx.o
 .debug_abbrev  0x00000946      0x157 ..\obj\stm32f4xx_dma.o
 .debug_abbrev  0x00000a9d       0xe4 ..\obj\API_IO.o
 .debug_abbrev  0x00000b81      0x1d0 ..\obj\stm32_ub_vga_screen.o
 .debug_abbrev  0x00000d51      0x147 ..\obj\misc.o
 .debug_abbrev  0x00000e98      0x189 ..\obj\stm32f4xx_tim.o

.debug_aranges  0x00000000      0x840
 .debug_aranges
                0x00000000      0x100 ..\obj\stm32f4xx_usart.o
 .debug_aranges
                0x00000100       0x60 ..\obj\uart.o
 .debug_aranges
                0x00000160       0x28 ..\obj\startup_stm32f4xx.o
 .debug_aranges
                0x00000188       0x20 ..\obj\main.o
 .debug_aranges
                0x000001a8      0x178 ..\obj\stm32f4xx_rcc.o
 .debug_aranges
                0x00000320       0x88 ..\obj\stm32f4xx_gpio.o
 .debug_aranges
                0x000003a8       0x30 ..\obj\system_stm32f4xx.o
 .debug_aranges
                0x000003d8       0xb0 ..\obj\stm32f4xx_dma.o
 .debug_aranges
                0x00000488       0x20 ..\obj\API_IO.o
 .debug_aranges
                0x000004a8       0x60 ..\obj\stm32_ub_vga_screen.o
 .debug_aranges
                0x00000508       0x40 ..\obj\misc.o
 .debug_aranges
                0x00000548      0x2f8 ..\obj\stm32f4xx_tim.o

.debug_ranges   0x00000000      0x780
 .debug_ranges  0x00000000       0xf0 ..\obj\stm32f4xx_usart.o
 .debug_ranges  0x000000f0       0x50 ..\obj\uart.o
 .debug_ranges  0x00000140       0x18 ..\obj\startup_stm32f4xx.o
 .debug_ranges  0x00000158       0x10 ..\obj\main.o
 .debug_ranges  0x00000168      0x168 ..\obj\stm32f4xx_rcc.o
 .debug_ranges  0x000002d0       0x78 ..\obj\stm32f4xx_gpio.o
 .debug_ranges  0x00000348       0x20 ..\obj\system_stm32f4xx.o
 .debug_ranges  0x00000368       0xa0 ..\obj\stm32f4xx_dma.o
 .debug_ranges  0x00000408       0x10 ..\obj\API_IO.o
 .debug_ranges  0x00000418       0x50 ..\obj\stm32_ub_vga_screen.o
 .debug_ranges  0x00000468       0x30 ..\obj\misc.o
 .debug_ranges  0x00000498      0x2e8 ..\obj\stm32f4xx_tim.o

.debug_line     0x00000000     0x2db8
 .debug_line    0x00000000      0x4f1 ..\obj\stm32f4xx_usart.o
 .debug_line    0x000004f1      0x36a ..\obj\uart.o
 .debug_line    0x0000085b       0xa7 ..\obj\startup_stm32f4xx.o
 .debug_line    0x00000902      0x1cb ..\obj\main.o
 .debug_line    0x00000acd      0x5dd ..\obj\stm32f4xx_rcc.o
 .debug_line    0x000010aa      0x398 ..\obj\stm32f4xx_gpio.o
 .debug_line    0x00001442      0x20e ..\obj\system_stm32f4xx.o
 .debug_line    0x00001650      0x462 ..\obj\stm32f4xx_dma.o
 .debug_line    0x00001ab2      0x1cd ..\obj\API_IO.o
 .debug_line    0x00001c7f      0x3ca ..\obj\stm32_ub_vga_screen.o
 .debug_line    0x00002049      0x276 ..\obj\misc.o
 .debug_line    0x000022bf      0xaf9 ..\obj\stm32f4xx_tim.o

.debug_str      0x00000000     0x2a06
 .debug_str     0x00000000      0x61a ..\obj\stm32f4xx_usart.o
                                0x695 (size before relaxing)
 .debug_str     0x0000061a      0x848 ..\obj\uart.o
                                0xaac (size before relaxing)
 .debug_str     0x00000e62       0xb6 ..\obj\startup_stm32f4xx.o
                                0x14d (size before relaxing)
 .debug_str     0x00000f18       0x46 ..\obj\main.o
                                0x1f5 (size before relaxing)
 .debug_str     0x00000f5e      0x5e9 ..\obj\stm32f4xx_rcc.o
                                0x856 (size before relaxing)
 .debug_str     0x00001547      0x1a9 ..\obj\stm32f4xx_gpio.o
                                0x4a9 (size before relaxing)
 .debug_str     0x000016f0      0x11e ..\obj\system_stm32f4xx.o
                                0x3b0 (size before relaxing)
 .debug_str     0x0000180e      0x39d ..\obj\stm32f4xx_dma.o
                                0x548 (size before relaxing)
 .debug_str     0x00001bab       0x4a ..\obj\API_IO.o
                                0x205 (size before relaxing)
 .debug_str     0x00001bf5      0x2a6 ..\obj\stm32_ub_vga_screen.o
                                0xce3 (size before relaxing)
 .debug_str     0x00001e9b      0x167 ..\obj\misc.o
                                0x3d4 (size before relaxing)
 .debug_str     0x00002002      0xa04 ..\obj\stm32f4xx_tim.o
                                0xdd6 (size before relaxing)

.comment        0x00000000       0x6e
 .comment       0x00000000       0x6e ..\obj\stm32f4xx_usart.o
                                 0x6f (size before relaxing)
 .comment       0x0000006e       0x6f ..\obj\uart.o
 .comment       0x0000006e       0x6f ..\obj\startup_stm32f4xx.o
 .comment       0x0000006e       0x6f ..\obj\main.o
 .comment       0x0000006e       0x6f ..\obj\stm32f4xx_rcc.o
 .comment       0x0000006e       0x6f ..\obj\stm32f4xx_gpio.o
 .comment       0x0000006e       0x6f ..\obj\system_stm32f4xx.o
 .comment       0x0000006e       0x6f ..\obj\stm32f4xx_dma.o
 .comment       0x0000006e       0x6f ..\obj\API_IO.o
 .comment       0x0000006e       0x6f ..\obj\stm32_ub_vga_screen.o
 .comment       0x0000006e       0x6f ..\obj\misc.o
 .comment       0x0000006e       0x6f ..\obj\stm32f4xx_tim.o

.ARM.attributes
                0x00000000       0x33
 .ARM.attributes
                0x00000000       0x33 ..\obj\stm32f4xx_usart.o
 .ARM.attributes
                0x00000033       0x33 ..\obj\uart.o
 .ARM.attributes
                0x00000066       0x33 ..\obj\startup_stm32f4xx.o
 .ARM.attributes
                0x00000099       0x33 ..\obj\main.o
 .ARM.attributes
                0x000000cc       0x33 ..\obj\stm32f4xx_rcc.o
 .ARM.attributes
                0x000000ff       0x33 ..\obj\stm32f4xx_gpio.o
 .ARM.attributes
                0x00000132       0x33 ..\obj\system_stm32f4xx.o
 .ARM.attributes
                0x00000165       0x33 ..\obj\stm32f4xx_dma.o
 .ARM.attributes
                0x00000198       0x33 ..\obj\API_IO.o
 .ARM.attributes
                0x000001cb       0x33 ..\obj\stm32_ub_vga_screen.o
 .ARM.attributes
                0x000001fe       0x33 ..\obj\misc.o
 .ARM.attributes
                0x00000231       0x33 ..\obj\stm32f4xx_tim.o
 .ARM.attributes
                0x00000264       0x1e c:/program files (x86)/gnu tools arm embedded/5.4 2016q3/bin/../lib/gcc/arm-none-eabi/5.4.1/armv7e-m\libgcc.a(_arm_addsubsf3.o)
 .ARM.attributes
                0x00000282       0x1e c:/program files (x86)/gnu tools arm embedded/5.4 2016q3/bin/../lib/gcc/arm-none-eabi/5.4.1/armv7e-m\libgcc.a(_arm_muldivsf3.o)
 .ARM.attributes
                0x000002a0       0x1e c:/program files (x86)/gnu tools arm embedded/5.4 2016q3/bin/../lib/gcc/arm-none-eabi/5.4.1/armv7e-m\libgcc.a(_arm_cmpsf2.o)
 .ARM.attributes
                0x000002be       0x1e c:/program files (x86)/gnu tools arm embedded/5.4 2016q3/bin/../lib/gcc/arm-none-eabi/5.4.1/armv7e-m\libgcc.a(_arm_fixsfsi.o)
 .ARM.attributes
                0x000002dc       0x1e c:/program files (x86)/gnu tools arm embedded/5.4 2016q3/bin/../lib/gcc/arm-none-eabi/5.4.1/armv7e-m\libgcc.a(_arm_fixunssfsi.o)

.debug_frame    0x00000000     0x23a0
 .debug_frame   0x00000000      0x490 ..\obj\stm32f4xx_usart.o
 .debug_frame   0x00000490      0x154 ..\obj\uart.o
 .debug_frame   0x000005e4       0x4c ..\obj\startup_stm32f4xx.o
 .debug_frame   0x00000630       0x30 ..\obj\main.o
 .debug_frame   0x00000660      0x6d4 ..\obj\stm32f4xx_rcc.o
 .debug_frame   0x00000d34      0x23c ..\obj\stm32f4xx_gpio.o
 .debug_frame   0x00000f70       0x7c ..\obj\system_stm32f4xx.o
 .debug_frame   0x00000fec      0x308 ..\obj\stm32f4xx_dma.o
 .debug_frame   0x000012f4       0x38 ..\obj\API_IO.o
 .debug_frame   0x0000132c      0x148 ..\obj\stm32_ub_vga_screen.o
 .debug_frame   0x00001474       0xd8 ..\obj\misc.o
 .debug_frame   0x0000154c      0xe54 ..\obj\stm32f4xx_tim.o
