Archive member included to satisfy reference by file (symbol)

c:/program files (x86)/gnu tools arm embedded/5.4 2016q3/bin/../lib/gcc/arm-none-eabi/5.4.1/armv7e-m\libgcc.a(_arm_addsubsf3.o)
                              ..\obj\API_Draw.o (__aeabi_fadd)
c:/program files (x86)/gnu tools arm embedded/5.4 2016q3/bin/../lib/gcc/arm-none-eabi/5.4.1/armv7e-m\libgcc.a(_arm_muldivsf3.o)
                              ..\obj\API_Draw.o (__aeabi_fmul)
c:/program files (x86)/gnu tools arm embedded/5.4 2016q3/bin/../lib/gcc/arm-none-eabi/5.4.1/armv7e-m\libgcc.a(_arm_cmpsf2.o)
                              ..\obj\API_Draw.o (__aeabi_fcmpgt)
c:/program files (x86)/gnu tools arm embedded/5.4 2016q3/bin/../lib/gcc/arm-none-eabi/5.4.1/armv7e-m\libgcc.a(_arm_fixsfsi.o)
                              ..\obj\API_Draw.o (__aeabi_f2iz)
c:/program files (x86)/gnu tools arm embedded/5.4 2016q3/bin/../lib/gcc/arm-none-eabi/5.4.1/armv7e-m\libgcc.a(_arm_fixunssfsi.o)
                              ..\obj\API_Draw.o (__aeabi_f2uiz)
c:/program files (x86)/gnu tools arm embedded/5.4 2016q3/bin/../lib/gcc/arm-none-eabi/5.4.1/../../../../arm-none-eabi/lib/armv7e-m\libg.a(lib_a-atoi.o)
                              ..\obj\main.o (atoi)
c:/program files (x86)/gnu tools arm embedded/5.4 2016q3/bin/../lib/gcc/arm-none-eabi/5.4.1/../../../../arm-none-eabi/lib/armv7e-m\libg.a(lib_a-memset.o)
                              ..\obj\main.o (memset)
c:/program files (x86)/gnu tools arm embedded/5.4 2016q3/bin/../lib/gcc/arm-none-eabi/5.4.1/../../../../arm-none-eabi/lib/armv7e-m\libg.a(lib_a-strcmp.o)
                              ..\obj\API_Draw.o (strcmp)
c:/program files (x86)/gnu tools arm embedded/5.4 2016q3/bin/../lib/gcc/arm-none-eabi/5.4.1/../../../../arm-none-eabi/lib/armv7e-m\libg.a(lib_a-strcpy.o)
                              ..\obj\main.o (strcpy)
c:/program files (x86)/gnu tools arm embedded/5.4 2016q3/bin/../lib/gcc/arm-none-eabi/5.4.1/../../../../arm-none-eabi/lib/armv7e-m\libg.a(lib_a-strncpy.o)
                              ..\obj\main.o (strncpy)
c:/program files (x86)/gnu tools arm embedded/5.4 2016q3/bin/../lib/gcc/arm-none-eabi/5.4.1/../../../../arm-none-eabi/lib/armv7e-m\libg.a(lib_a-strtol.o)
                              c:/program files (x86)/gnu tools arm embedded/5.4 2016q3/bin/../lib/gcc/arm-none-eabi/5.4.1/../../../../arm-none-eabi/lib/armv7e-m\libg.a(lib_a-atoi.o) (_strtol_r)
c:/program files (x86)/gnu tools arm embedded/5.4 2016q3/bin/../lib/gcc/arm-none-eabi/5.4.1/../../../../arm-none-eabi/lib/armv7e-m\libg.a(lib_a-impure.o)
                              c:/program files (x86)/gnu tools arm embedded/5.4 2016q3/bin/../lib/gcc/arm-none-eabi/5.4.1/../../../../arm-none-eabi/lib/armv7e-m\libg.a(lib_a-strtol.o) (_impure_ptr)
c:/program files (x86)/gnu tools arm embedded/5.4 2016q3/bin/../lib/gcc/arm-none-eabi/5.4.1/../../../../arm-none-eabi/lib/armv7e-m\libg.a(lib_a-locale.o)
                              c:/program files (x86)/gnu tools arm embedded/5.4 2016q3/bin/../lib/gcc/arm-none-eabi/5.4.1/../../../../arm-none-eabi/lib/armv7e-m\libg.a(lib_a-strtol.o) (__locale_ctype_ptr_l)
c:/program files (x86)/gnu tools arm embedded/5.4 2016q3/bin/../lib/gcc/arm-none-eabi/5.4.1/../../../../arm-none-eabi/lib/armv7e-m\libg.a(lib_a-mbtowc_r.o)
                              c:/program files (x86)/gnu tools arm embedded/5.4 2016q3/bin/../lib/gcc/arm-none-eabi/5.4.1/../../../../arm-none-eabi/lib/armv7e-m\libg.a(lib_a-locale.o) (__ascii_mbtowc)
c:/program files (x86)/gnu tools arm embedded/5.4 2016q3/bin/../lib/gcc/arm-none-eabi/5.4.1/../../../../arm-none-eabi/lib/armv7e-m\libg.a(lib_a-wctomb_r.o)
                              c:/program files (x86)/gnu tools arm embedded/5.4 2016q3/bin/../lib/gcc/arm-none-eabi/5.4.1/../../../../arm-none-eabi/lib/armv7e-m\libg.a(lib_a-locale.o) (__ascii_wctomb)
c:/program files (x86)/gnu tools arm embedded/5.4 2016q3/bin/../lib/gcc/arm-none-eabi/5.4.1/../../../../arm-none-eabi/lib/armv7e-m\libg.a(lib_a-ctype_.o)
                              c:/program files (x86)/gnu tools arm embedded/5.4 2016q3/bin/../lib/gcc/arm-none-eabi/5.4.1/../../../../arm-none-eabi/lib/armv7e-m\libg.a(lib_a-locale.o) (_ctype_)

Allocating common symbols
Common symbol       size              file

string              0x64              ..\obj\API_Draw.o
VGA                 0xc               ..\obj\Logic_Layer.o
VGA_RAM1            0x12cf0           ..\obj\Logic_Layer.o
multiplier          0x4               ..\obj\API_Draw.o

Discarded input sections

 .text          0x00000000        0x0 ..\obj\User_Interface.o
 .data          0x00000000        0x0 ..\obj\User_Interface.o
 .bss           0x00000000        0x0 ..\obj\User_Interface.o
 .debug_line    0x00000000        0x0 ..\obj\User_Interface.o
 .debug_str     0x00000000       0xbb ..\obj\User_Interface.o
 .comment       0x00000000       0x6f ..\obj\User_Interface.o
 .ARM.attributes
                0x00000000       0x33 ..\obj\User_Interface.o
 .text          0x00000000        0x0 ..\obj\Logic_Layer.o
 .data          0x00000000        0x0 ..\obj\Logic_Layer.o
 .bss           0x00000000        0x0 ..\obj\Logic_Layer.o
 .text.Logic_Layer
                0x00000000       0x10 ..\obj\Logic_Layer.o
 .text          0x00000000        0x0 ..\obj\Input_Output.o
 .data          0x00000000        0x0 ..\obj\Input_Output.o
 .bss           0x00000000        0x0 ..\obj\Input_Output.o
 .debug_line    0x00000000        0x0 ..\obj\Input_Output.o
 .debug_str     0x00000000       0xb9 ..\obj\Input_Output.o
 .comment       0x00000000       0x6f ..\obj\Input_Output.o
 .ARM.attributes
                0x00000000       0x33 ..\obj\Input_Output.o
 .text          0x00000000        0x0 ..\obj\stm32f4xx_usart.o
 .data          0x00000000        0x0 ..\obj\stm32f4xx_usart.o
 .bss           0x00000000        0x0 ..\obj\stm32f4xx_usart.o
 .text.USART_DeInit
                0x00000000       0xd4 ..\obj\stm32f4xx_usart.o
 .text.USART_StructInit
                0x00000000       0x38 ..\obj\stm32f4xx_usart.o
 .text.USART_ClockInit
                0x00000000       0x54 ..\obj\stm32f4xx_usart.o
 .text.USART_ClockStructInit
                0x00000000       0x2c ..\obj\stm32f4xx_usart.o
 .text.USART_SetPrescaler
                0x00000000       0x38 ..\obj\stm32f4xx_usart.o
 .text.USART_OverSampling8Cmd
                0x00000000       0x44 ..\obj\stm32f4xx_usart.o
 .text.USART_OneBitMethodCmd
                0x00000000       0x40 ..\obj\stm32f4xx_usart.o
 .text.USART_ReceiveData
                0x00000000       0x20 ..\obj\stm32f4xx_usart.o
 .text.USART_SetAddress
                0x00000000       0x38 ..\obj\stm32f4xx_usart.o
 .text.USART_ReceiverWakeUpCmd
                0x00000000       0x40 ..\obj\stm32f4xx_usart.o
 .text.USART_WakeUpConfig
                0x00000000       0x38 ..\obj\stm32f4xx_usart.o
 .text.USART_LINBreakDetectLengthConfig
                0x00000000       0x38 ..\obj\stm32f4xx_usart.o
 .text.USART_LINCmd
                0x00000000       0x40 ..\obj\stm32f4xx_usart.o
 .text.USART_SendBreak
                0x00000000       0x24 ..\obj\stm32f4xx_usart.o
 .text.USART_HalfDuplexCmd
                0x00000000       0x40 ..\obj\stm32f4xx_usart.o
 .text.USART_SetGuardTime
                0x00000000       0x3c ..\obj\stm32f4xx_usart.o
 .text.USART_SmartCardCmd
                0x00000000       0x40 ..\obj\stm32f4xx_usart.o
 .text.USART_SmartCardNACKCmd
                0x00000000       0x40 ..\obj\stm32f4xx_usart.o
 .text.USART_IrDAConfig
                0x00000000       0x38 ..\obj\stm32f4xx_usart.o
 .text.USART_IrDACmd
                0x00000000       0x40 ..\obj\stm32f4xx_usart.o
 .text.USART_DMACmd
                0x00000000       0x48 ..\obj\stm32f4xx_usart.o
 .text.USART_ClearFlag
                0x00000000       0x20 ..\obj\stm32f4xx_usart.o
 .text          0x00000000        0x0 ..\obj\API_Draw.o
 .data          0x00000000       0x10 ..\obj\API_Draw.o
 .text.API_IO_DelayMicros
                0x00000000       0x30 ..\obj\API_Draw.o
 .text.UART_INT_init
                0x00000000       0x28 ..\obj\API_Draw.o
 .text.UART_putint
                0x00000000       0x18 ..\obj\API_Draw.o
 .text.UART_putnum
                0x00000000       0xb4 ..\obj\API_Draw.o
 .text          0x00000000        0x0 ..\obj\startup_stm32f4xx.o
 .data          0x00000000        0x0 ..\obj\startup_stm32f4xx.o
 .bss           0x00000000        0x0 ..\obj\startup_stm32f4xx.o
 .text          0x00000000        0x0 ..\obj\main.o
 .data          0x00000000        0x0 ..\obj\main.o
 .bss           0x00000000        0x0 ..\obj\main.o
 .text          0x00000000        0x0 ..\obj\stm32f4xx_rcc.o
 .bss           0x00000000        0x0 ..\obj\stm32f4xx_rcc.o
 .text.RCC_DeInit
                0x00000000       0x50 ..\obj\stm32f4xx_rcc.o
 .text.RCC_HSEConfig
                0x00000000       0x24 ..\obj\stm32f4xx_rcc.o
 .text.RCC_WaitForHSEStartUp
                0x00000000       0x50 ..\obj\stm32f4xx_rcc.o
 .text.RCC_AdjustHSICalibrationValue
                0x00000000       0x3c ..\obj\stm32f4xx_rcc.o
 .text.RCC_HSICmd
                0x00000000       0x20 ..\obj\stm32f4xx_rcc.o
 .text.RCC_LSEConfig
                0x00000000       0x40 ..\obj\stm32f4xx_rcc.o
 .text.RCC_LSICmd
                0x00000000       0x20 ..\obj\stm32f4xx_rcc.o
 .text.RCC_PLLConfig
                0x00000000       0x3c ..\obj\stm32f4xx_rcc.o
 .text.RCC_PLLCmd
                0x00000000       0x20 ..\obj\stm32f4xx_rcc.o
 .text.RCC_PLLI2SConfig
                0x00000000       0x28 ..\obj\stm32f4xx_rcc.o
 .text.RCC_PLLI2SCmd
                0x00000000       0x20 ..\obj\stm32f4xx_rcc.o
 .text.RCC_ClockSecuritySystemCmd
                0x00000000       0x20 ..\obj\stm32f4xx_rcc.o
 .text.RCC_MCO1Config
                0x00000000       0x3c ..\obj\stm32f4xx_rcc.o
 .text.RCC_MCO2Config
                0x00000000       0x3c ..\obj\stm32f4xx_rcc.o
 .text.RCC_SYSCLKConfig
                0x00000000       0x38 ..\obj\stm32f4xx_rcc.o
 .text.RCC_GetSYSCLKSource
                0x00000000       0x1c ..\obj\stm32f4xx_rcc.o
 .text.RCC_HCLKConfig
                0x00000000       0x38 ..\obj\stm32f4xx_rcc.o
 .text.RCC_PCLK1Config
                0x00000000       0x38 ..\obj\stm32f4xx_rcc.o
 .text.RCC_PCLK2Config
                0x00000000       0x38 ..\obj\stm32f4xx_rcc.o
 .text.RCC_RTCCLKConfig
                0x00000000       0x5c ..\obj\stm32f4xx_rcc.o
 .text.RCC_RTCCLKCmd
                0x00000000       0x20 ..\obj\stm32f4xx_rcc.o
 .text.RCC_BackupResetCmd
                0x00000000       0x20 ..\obj\stm32f4xx_rcc.o
 .text.RCC_I2SCLKConfig
                0x00000000       0x1c ..\obj\stm32f4xx_rcc.o
 .text.RCC_AHB2PeriphClockCmd
                0x00000000       0x3c ..\obj\stm32f4xx_rcc.o
 .text.RCC_AHB3PeriphClockCmd
                0x00000000       0x3c ..\obj\stm32f4xx_rcc.o
 .text.RCC_AHB1PeriphResetCmd
                0x00000000       0x3c ..\obj\stm32f4xx_rcc.o
 .text.RCC_AHB2PeriphResetCmd
                0x00000000       0x3c ..\obj\stm32f4xx_rcc.o
 .text.RCC_AHB3PeriphResetCmd
                0x00000000       0x3c ..\obj\stm32f4xx_rcc.o
 .text.RCC_APB1PeriphResetCmd
                0x00000000       0x3c ..\obj\stm32f4xx_rcc.o
 .text.RCC_APB2PeriphResetCmd
                0x00000000       0x3c ..\obj\stm32f4xx_rcc.o
 .text.RCC_AHB1PeriphClockLPModeCmd
                0x00000000       0x3c ..\obj\stm32f4xx_rcc.o
 .text.RCC_AHB2PeriphClockLPModeCmd
                0x00000000       0x3c ..\obj\stm32f4xx_rcc.o
 .text.RCC_AHB3PeriphClockLPModeCmd
                0x00000000       0x3c ..\obj\stm32f4xx_rcc.o
 .text.RCC_APB1PeriphClockLPModeCmd
                0x00000000       0x3c ..\obj\stm32f4xx_rcc.o
 .text.RCC_APB2PeriphClockLPModeCmd
                0x00000000       0x3c ..\obj\stm32f4xx_rcc.o
 .text.RCC_ITConfig
                0x00000000       0x4c ..\obj\stm32f4xx_rcc.o
 .text.RCC_GetFlagStatus
                0x00000000       0x74 ..\obj\stm32f4xx_rcc.o
 .text.RCC_ClearFlag
                0x00000000       0x1c ..\obj\stm32f4xx_rcc.o
 .text.RCC_GetITStatus
                0x00000000       0x34 ..\obj\stm32f4xx_rcc.o
 .text.RCC_ClearITPendingBit
                0x00000000       0x20 ..\obj\stm32f4xx_rcc.o
 .text          0x00000000        0x0 ..\obj\stm32f4xx_gpio.o
 .data          0x00000000        0x0 ..\obj\stm32f4xx_gpio.o
 .bss           0x00000000        0x0 ..\obj\stm32f4xx_gpio.o
 .text.GPIO_DeInit
                0x00000000      0x120 ..\obj\stm32f4xx_gpio.o
 .text.GPIO_StructInit
                0x00000000       0x34 ..\obj\stm32f4xx_gpio.o
 .text.GPIO_PinLockConfig
                0x00000000       0x44 ..\obj\stm32f4xx_gpio.o
 .text.GPIO_ReadInputDataBit
                0x00000000       0x34 ..\obj\stm32f4xx_gpio.o
 .text.GPIO_ReadInputData
                0x00000000       0x18 ..\obj\stm32f4xx_gpio.o
 .text.GPIO_ReadOutputDataBit
                0x00000000       0x34 ..\obj\stm32f4xx_gpio.o
 .text.GPIO_ReadOutputData
                0x00000000       0x18 ..\obj\stm32f4xx_gpio.o
 .text.GPIO_SetBits
                0x00000000       0x1c ..\obj\stm32f4xx_gpio.o
 .text.GPIO_ResetBits
                0x00000000       0x1c ..\obj\stm32f4xx_gpio.o
 .text.GPIO_WriteBit
                0x00000000       0x30 ..\obj\stm32f4xx_gpio.o
 .text.GPIO_Write
                0x00000000       0x1c ..\obj\stm32f4xx_gpio.o
 .text.GPIO_ToggleBits
                0x00000000       0x24 ..\obj\stm32f4xx_gpio.o
 .text          0x00000000        0x0 ..\obj\system_stm32f4xx.o
 .data          0x00000000       0x14 ..\obj\system_stm32f4xx.o
 .bss           0x00000000        0x0 ..\obj\system_stm32f4xx.o
 .text.SystemCoreClockUpdate
                0x00000000       0xf8 ..\obj\system_stm32f4xx.o
 .text          0x00000000        0x0 ..\obj\stm32f4xx_dma.o
 .data          0x00000000        0x0 ..\obj\stm32f4xx_dma.o
 .bss           0x00000000        0x0 ..\obj\stm32f4xx_dma.o
 .text.DMA_StructInit
                0x00000000       0x6c ..\obj\stm32f4xx_dma.o
 .text.DMA_PeriphIncOffsetSizeConfig
                0x00000000       0x34 ..\obj\stm32f4xx_dma.o
 .text.DMA_FlowControllerConfig
                0x00000000       0x34 ..\obj\stm32f4xx_dma.o
 .text.DMA_SetCurrDataCounter
                0x00000000       0x1c ..\obj\stm32f4xx_dma.o
 .text.DMA_GetCurrDataCounter
                0x00000000       0x18 ..\obj\stm32f4xx_dma.o
 .text.DMA_DoubleBufferModeConfig
                0x00000000       0x3c ..\obj\stm32f4xx_dma.o
 .text.DMA_DoubleBufferModeCmd
                0x00000000       0x38 ..\obj\stm32f4xx_dma.o
 .text.DMA_MemoryTargetConfig
                0x00000000       0x2c ..\obj\stm32f4xx_dma.o
 .text.DMA_GetCurrentMemoryTarget
                0x00000000       0x30 ..\obj\stm32f4xx_dma.o
 .text.DMA_GetCmdStatus
                0x00000000       0x30 ..\obj\stm32f4xx_dma.o
 .text.DMA_GetFIFOStatus
                0x00000000       0x24 ..\obj\stm32f4xx_dma.o
 .text.DMA_GetFlagStatus
                0x00000000       0x74 ..\obj\stm32f4xx_dma.o
 .text.DMA_ClearFlag
                0x00000000       0x5c ..\obj\stm32f4xx_dma.o
 .text          0x00000000        0x0 ..\obj\API_IO.o
 .data          0x00000000        0x0 ..\obj\API_IO.o
 .bss           0x00000000        0x0 ..\obj\API_IO.o
 .debug_line    0x00000000        0x0 ..\obj\API_IO.o
 .debug_str     0x00000000       0xb7 ..\obj\API_IO.o
 .comment       0x00000000       0x6f ..\obj\API_IO.o
 .ARM.attributes
                0x00000000       0x33 ..\obj\API_IO.o
 .text          0x00000000        0x0 ..\obj\stm32_ub_vga_screen.o
 .data          0x00000000        0x0 ..\obj\stm32_ub_vga_screen.o
 .bss           0x00000000        0x0 ..\obj\stm32_ub_vga_screen.o
 .text          0x00000000        0x0 ..\obj\misc.o
 .data          0x00000000        0x0 ..\obj\misc.o
 .bss           0x00000000        0x0 ..\obj\misc.o
 .text.NVIC_PriorityGroupConfig
                0x00000000       0x24 ..\obj\misc.o
 .text.NVIC_SetVectorTable
                0x00000000       0x2c ..\obj\misc.o
 .text.NVIC_SystemLPConfig
                0x00000000       0x40 ..\obj\misc.o
 .text.SysTick_CLKSourceConfig
                0x00000000       0x38 ..\obj\misc.o
 .text          0x00000000        0x0 ..\obj\stm32f4xx_tim.o
 .data          0x00000000        0x0 ..\obj\stm32f4xx_tim.o
 .bss           0x00000000        0x0 ..\obj\stm32f4xx_tim.o
 .text.TIM_DeInit
                0x00000000      0x1c0 ..\obj\stm32f4xx_tim.o
 .text.TIM_TimeBaseStructInit
                0x00000000       0x34 ..\obj\stm32f4xx_tim.o
 .text.TIM_PrescalerConfig
                0x00000000       0x28 ..\obj\stm32f4xx_tim.o
 .text.TIM_CounterModeConfig
                0x00000000       0x38 ..\obj\stm32f4xx_tim.o
 .text.TIM_SetCounter
                0x00000000       0x1c ..\obj\stm32f4xx_tim.o
 .text.TIM_SetAutoreload
                0x00000000       0x1c ..\obj\stm32f4xx_tim.o
 .text.TIM_GetCounter
                0x00000000       0x18 ..\obj\stm32f4xx_tim.o
 .text.TIM_GetPrescaler
                0x00000000       0x18 ..\obj\stm32f4xx_tim.o
 .text.TIM_UpdateDisableConfig
                0x00000000       0x40 ..\obj\stm32f4xx_tim.o
 .text.TIM_UpdateRequestConfig
                0x00000000       0x40 ..\obj\stm32f4xx_tim.o
 .text.TIM_SelectOnePulseMode
                0x00000000       0x38 ..\obj\stm32f4xx_tim.o
 .text.TIM_SetClockDivision
                0x00000000       0x38 ..\obj\stm32f4xx_tim.o
 .text.TIM_OC1Init
                0x00000000       0xf4 ..\obj\stm32f4xx_tim.o
 .text.TIM_OC2Init
                0x00000000      0x110 ..\obj\stm32f4xx_tim.o
 .text.TIM_OCStructInit
                0x00000000       0x44 ..\obj\stm32f4xx_tim.o
 .text.TIM_SelectOCxM
                0x00000000       0xb0 ..\obj\stm32f4xx_tim.o
 .text.TIM_SetCompare1
                0x00000000       0x1c ..\obj\stm32f4xx_tim.o
 .text.TIM_SetCompare2
                0x00000000       0x1c ..\obj\stm32f4xx_tim.o
 .text.TIM_SetCompare3
                0x00000000       0x1c ..\obj\stm32f4xx_tim.o
 .text.TIM_SetCompare4
                0x00000000       0x1c ..\obj\stm32f4xx_tim.o
 .text.TIM_ForcedOC1Config
                0x00000000       0x38 ..\obj\stm32f4xx_tim.o
 .text.TIM_ForcedOC2Config
                0x00000000       0x3c ..\obj\stm32f4xx_tim.o
 .text.TIM_ForcedOC3Config
                0x00000000       0x38 ..\obj\stm32f4xx_tim.o
 .text.TIM_ForcedOC4Config
                0x00000000       0x3c ..\obj\stm32f4xx_tim.o
 .text.TIM_OC1PreloadConfig
                0x00000000       0x38 ..\obj\stm32f4xx_tim.o
 .text.TIM_OC2PreloadConfig
                0x00000000       0x3c ..\obj\stm32f4xx_tim.o
 .text.TIM_OC1FastConfig
                0x00000000       0x38 ..\obj\stm32f4xx_tim.o
 .text.TIM_OC2FastConfig
                0x00000000       0x3c ..\obj\stm32f4xx_tim.o
 .text.TIM_OC3FastConfig
                0x00000000       0x38 ..\obj\stm32f4xx_tim.o
 .text.TIM_OC4FastConfig
                0x00000000       0x3c ..\obj\stm32f4xx_tim.o
 .text.TIM_ClearOC1Ref
                0x00000000       0x38 ..\obj\stm32f4xx_tim.o
 .text.TIM_ClearOC2Ref
                0x00000000       0x3c ..\obj\stm32f4xx_tim.o
 .text.TIM_ClearOC3Ref
                0x00000000       0x38 ..\obj\stm32f4xx_tim.o
 .text.TIM_ClearOC4Ref
                0x00000000       0x3c ..\obj\stm32f4xx_tim.o
 .text.TIM_OC1PolarityConfig
                0x00000000       0x38 ..\obj\stm32f4xx_tim.o
 .text.TIM_OC1NPolarityConfig
                0x00000000       0x38 ..\obj\stm32f4xx_tim.o
 .text.TIM_OC2PolarityConfig
                0x00000000       0x3c ..\obj\stm32f4xx_tim.o
 .text.TIM_OC2NPolarityConfig
                0x00000000       0x3c ..\obj\stm32f4xx_tim.o
 .text.TIM_OC3PolarityConfig
                0x00000000       0x3c ..\obj\stm32f4xx_tim.o
 .text.TIM_OC3NPolarityConfig
                0x00000000       0x3c ..\obj\stm32f4xx_tim.o
 .text.TIM_OC4PolarityConfig
                0x00000000       0x3c ..\obj\stm32f4xx_tim.o
 .text.TIM_CCxCmd
                0x00000000       0x54 ..\obj\stm32f4xx_tim.o
 .text.TIM_CCxNCmd
                0x00000000       0x54 ..\obj\stm32f4xx_tim.o
 .text.TIM_ICInit
                0x00000000       0xa8 ..\obj\stm32f4xx_tim.o
 .text.TIM_ICStructInit
                0x00000000       0x30 ..\obj\stm32f4xx_tim.o
 .text.TIM_PWMIConfig
                0x00000000       0xb8 ..\obj\stm32f4xx_tim.o
 .text.TIM_GetCapture1
                0x00000000       0x18 ..\obj\stm32f4xx_tim.o
 .text.TIM_GetCapture2
                0x00000000       0x18 ..\obj\stm32f4xx_tim.o
 .text.TIM_GetCapture3
                0x00000000       0x18 ..\obj\stm32f4xx_tim.o
 .text.TIM_GetCapture4
                0x00000000       0x18 ..\obj\stm32f4xx_tim.o
 .text.TIM_SetIC1Prescaler
                0x00000000       0x38 ..\obj\stm32f4xx_tim.o
 .text.TIM_SetIC2Prescaler
                0x00000000       0x3c ..\obj\stm32f4xx_tim.o
 .text.TIM_SetIC3Prescaler
                0x00000000       0x38 ..\obj\stm32f4xx_tim.o
 .text.TIM_SetIC4Prescaler
                0x00000000       0x3c ..\obj\stm32f4xx_tim.o
 .text.TIM_BDTRConfig
                0x00000000       0x50 ..\obj\stm32f4xx_tim.o
 .text.TIM_BDTRStructInit
                0x00000000       0x3c ..\obj\stm32f4xx_tim.o
 .text.TIM_CtrlPWMOutputs
                0x00000000       0x4c ..\obj\stm32f4xx_tim.o
 .text.TIM_SelectCOM
                0x00000000       0x40 ..\obj\stm32f4xx_tim.o
 .text.TIM_CCPreloadControl
                0x00000000       0x40 ..\obj\stm32f4xx_tim.o
 .text.TIM_GenerateEvent
                0x00000000       0x1c ..\obj\stm32f4xx_tim.o
 .text.TIM_GetFlagStatus
                0x00000000       0x38 ..\obj\stm32f4xx_tim.o
 .text.TIM_ClearFlag
                0x00000000       0x20 ..\obj\stm32f4xx_tim.o
 .text.TIM_GetITStatus
                0x00000000       0x54 ..\obj\stm32f4xx_tim.o
 .text.TIM_DMAConfig
                0x00000000       0x28 ..\obj\stm32f4xx_tim.o
 .text.TIM_SelectCCDMA
                0x00000000       0x40 ..\obj\stm32f4xx_tim.o
 .text.TIM_InternalClockConfig
                0x00000000       0x24 ..\obj\stm32f4xx_tim.o
 .text.TIM_ITRxExternalClockConfig
                0x00000000       0x30 ..\obj\stm32f4xx_tim.o
 .text.TIM_TIxExternalClockConfig
                0x00000000       0x5c ..\obj\stm32f4xx_tim.o
 .text.TIM_ETRClockMode1Config
                0x00000000       0x60 ..\obj\stm32f4xx_tim.o
 .text.TIM_ETRClockMode2Config
                0x00000000       0x40 ..\obj\stm32f4xx_tim.o
 .text.TIM_SelectInputTrigger
                0x00000000       0x38 ..\obj\stm32f4xx_tim.o
 .text.TIM_SelectOutputTrigger
                0x00000000       0x38 ..\obj\stm32f4xx_tim.o
 .text.TIM_SelectSlaveMode
                0x00000000       0x38 ..\obj\stm32f4xx_tim.o
 .text.TIM_SelectMasterSlaveMode
                0x00000000       0x38 ..\obj\stm32f4xx_tim.o
 .text.TIM_ETRConfig
                0x00000000       0x54 ..\obj\stm32f4xx_tim.o
 .text.TIM_EncoderInterfaceConfig
                0x00000000       0x98 ..\obj\stm32f4xx_tim.o
 .text.TIM_SelectHallSensor
                0x00000000       0x40 ..\obj\stm32f4xx_tim.o
 .text.TIM_RemapConfig
                0x00000000       0x20 ..\obj\stm32f4xx_tim.o
 .text.TI1_Config
                0x00000000       0x84 ..\obj\stm32f4xx_tim.o
 .text.TI2_Config
                0x00000000       0x98 ..\obj\stm32f4xx_tim.o
 .text.TI3_Config
                0x00000000       0x90 ..\obj\stm32f4xx_tim.o
 .text.TI4_Config
                0x00000000       0x9c ..\obj\stm32f4xx_tim.o
 .data          0x00000000        0x0 c:/program files (x86)/gnu tools arm embedded/5.4 2016q3/bin/../lib/gcc/arm-none-eabi/5.4.1/armv7e-m\libgcc.a(_arm_addsubsf3.o)
 .bss           0x00000000        0x0 c:/program files (x86)/gnu tools arm embedded/5.4 2016q3/bin/../lib/gcc/arm-none-eabi/5.4.1/armv7e-m\libgcc.a(_arm_addsubsf3.o)
 .data          0x00000000        0x0 c:/program files (x86)/gnu tools arm embedded/5.4 2016q3/bin/../lib/gcc/arm-none-eabi/5.4.1/armv7e-m\libgcc.a(_arm_muldivsf3.o)
 .bss           0x00000000        0x0 c:/program files (x86)/gnu tools arm embedded/5.4 2016q3/bin/../lib/gcc/arm-none-eabi/5.4.1/armv7e-m\libgcc.a(_arm_muldivsf3.o)
 .data          0x00000000        0x0 c:/program files (x86)/gnu tools arm embedded/5.4 2016q3/bin/../lib/gcc/arm-none-eabi/5.4.1/armv7e-m\libgcc.a(_arm_cmpsf2.o)
 .bss           0x00000000        0x0 c:/program files (x86)/gnu tools arm embedded/5.4 2016q3/bin/../lib/gcc/arm-none-eabi/5.4.1/armv7e-m\libgcc.a(_arm_cmpsf2.o)
 .data          0x00000000        0x0 c:/program files (x86)/gnu tools arm embedded/5.4 2016q3/bin/../lib/gcc/arm-none-eabi/5.4.1/armv7e-m\libgcc.a(_arm_fixsfsi.o)
 .bss           0x00000000        0x0 c:/program files (x86)/gnu tools arm embedded/5.4 2016q3/bin/../lib/gcc/arm-none-eabi/5.4.1/armv7e-m\libgcc.a(_arm_fixsfsi.o)
 .data          0x00000000        0x0 c:/program files (x86)/gnu tools arm embedded/5.4 2016q3/bin/../lib/gcc/arm-none-eabi/5.4.1/armv7e-m\libgcc.a(_arm_fixunssfsi.o)
 .bss           0x00000000        0x0 c:/program files (x86)/gnu tools arm embedded/5.4 2016q3/bin/../lib/gcc/arm-none-eabi/5.4.1/armv7e-m\libgcc.a(_arm_fixunssfsi.o)
 .text          0x00000000        0x0 c:/program files (x86)/gnu tools arm embedded/5.4 2016q3/bin/../lib/gcc/arm-none-eabi/5.4.1/../../../../arm-none-eabi/lib/armv7e-m\libg.a(lib_a-atoi.o)
 .data          0x00000000        0x0 c:/program files (x86)/gnu tools arm embedded/5.4 2016q3/bin/../lib/gcc/arm-none-eabi/5.4.1/../../../../arm-none-eabi/lib/armv7e-m\libg.a(lib_a-atoi.o)
 .bss           0x00000000        0x0 c:/program files (x86)/gnu tools arm embedded/5.4 2016q3/bin/../lib/gcc/arm-none-eabi/5.4.1/../../../../arm-none-eabi/lib/armv7e-m\libg.a(lib_a-atoi.o)
 .text._atoi_r  0x00000000        0x8 c:/program files (x86)/gnu tools arm embedded/5.4 2016q3/bin/../lib/gcc/arm-none-eabi/5.4.1/../../../../arm-none-eabi/lib/armv7e-m\libg.a(lib_a-atoi.o)
 .text          0x00000000        0x0 c:/program files (x86)/gnu tools arm embedded/5.4 2016q3/bin/../lib/gcc/arm-none-eabi/5.4.1/../../../../arm-none-eabi/lib/armv7e-m\libg.a(lib_a-memset.o)
 .data          0x00000000        0x0 c:/program files (x86)/gnu tools arm embedded/5.4 2016q3/bin/../lib/gcc/arm-none-eabi/5.4.1/../../../../arm-none-eabi/lib/armv7e-m\libg.a(lib_a-memset.o)
 .bss           0x00000000        0x0 c:/program files (x86)/gnu tools arm embedded/5.4 2016q3/bin/../lib/gcc/arm-none-eabi/5.4.1/../../../../arm-none-eabi/lib/armv7e-m\libg.a(lib_a-memset.o)
 .data          0x00000000        0x0 c:/program files (x86)/gnu tools arm embedded/5.4 2016q3/bin/../lib/gcc/arm-none-eabi/5.4.1/../../../../arm-none-eabi/lib/armv7e-m\libg.a(lib_a-strcmp.o)
 .bss           0x00000000        0x0 c:/program files (x86)/gnu tools arm embedded/5.4 2016q3/bin/../lib/gcc/arm-none-eabi/5.4.1/../../../../arm-none-eabi/lib/armv7e-m\libg.a(lib_a-strcmp.o)
 .text          0x00000000        0x0 c:/program files (x86)/gnu tools arm embedded/5.4 2016q3/bin/../lib/gcc/arm-none-eabi/5.4.1/../../../../arm-none-eabi/lib/armv7e-m\libg.a(lib_a-strcpy.o)
 .data          0x00000000        0x0 c:/program files (x86)/gnu tools arm embedded/5.4 2016q3/bin/../lib/gcc/arm-none-eabi/5.4.1/../../../../arm-none-eabi/lib/armv7e-m\libg.a(lib_a-strcpy.o)
 .bss           0x00000000        0x0 c:/program files (x86)/gnu tools arm embedded/5.4 2016q3/bin/../lib/gcc/arm-none-eabi/5.4.1/../../../../arm-none-eabi/lib/armv7e-m\libg.a(lib_a-strcpy.o)
 .text          0x00000000        0x0 c:/program files (x86)/gnu tools arm embedded/5.4 2016q3/bin/../lib/gcc/arm-none-eabi/5.4.1/../../../../arm-none-eabi/lib/armv7e-m\libg.a(lib_a-strncpy.o)
 .data          0x00000000        0x0 c:/program files (x86)/gnu tools arm embedded/5.4 2016q3/bin/../lib/gcc/arm-none-eabi/5.4.1/../../../../arm-none-eabi/lib/armv7e-m\libg.a(lib_a-strncpy.o)
 .bss           0x00000000        0x0 c:/program files (x86)/gnu tools arm embedded/5.4 2016q3/bin/../lib/gcc/arm-none-eabi/5.4.1/../../../../arm-none-eabi/lib/armv7e-m\libg.a(lib_a-strncpy.o)
 .text          0x00000000        0x0 c:/program files (x86)/gnu tools arm embedded/5.4 2016q3/bin/../lib/gcc/arm-none-eabi/5.4.1/../../../../arm-none-eabi/lib/armv7e-m\libg.a(lib_a-strtol.o)
 .data          0x00000000        0x0 c:/program files (x86)/gnu tools arm embedded/5.4 2016q3/bin/../lib/gcc/arm-none-eabi/5.4.1/../../../../arm-none-eabi/lib/armv7e-m\libg.a(lib_a-strtol.o)
 .bss           0x00000000        0x0 c:/program files (x86)/gnu tools arm embedded/5.4 2016q3/bin/../lib/gcc/arm-none-eabi/5.4.1/../../../../arm-none-eabi/lib/armv7e-m\libg.a(lib_a-strtol.o)
 .text._strtol_r
                0x00000000       0x24 c:/program files (x86)/gnu tools arm embedded/5.4 2016q3/bin/../lib/gcc/arm-none-eabi/5.4.1/../../../../arm-none-eabi/lib/armv7e-m\libg.a(lib_a-strtol.o)
 .text.strtol_l
                0x00000000       0x20 c:/program files (x86)/gnu tools arm embedded/5.4 2016q3/bin/../lib/gcc/arm-none-eabi/5.4.1/../../../../arm-none-eabi/lib/armv7e-m\libg.a(lib_a-strtol.o)
 .text          0x00000000        0x0 c:/program files (x86)/gnu tools arm embedded/5.4 2016q3/bin/../lib/gcc/arm-none-eabi/5.4.1/../../../../arm-none-eabi/lib/armv7e-m\libg.a(lib_a-impure.o)
 .data          0x00000000        0x0 c:/program files (x86)/gnu tools arm embedded/5.4 2016q3/bin/../lib/gcc/arm-none-eabi/5.4.1/../../../../arm-none-eabi/lib/armv7e-m\libg.a(lib_a-impure.o)
 .bss           0x00000000        0x0 c:/program files (x86)/gnu tools arm embedded/5.4 2016q3/bin/../lib/gcc/arm-none-eabi/5.4.1/../../../../arm-none-eabi/lib/armv7e-m\libg.a(lib_a-impure.o)
 .rodata._global_impure_ptr
                0x00000000        0x4 c:/program files (x86)/gnu tools arm embedded/5.4 2016q3/bin/../lib/gcc/arm-none-eabi/5.4.1/../../../../arm-none-eabi/lib/armv7e-m\libg.a(lib_a-impure.o)
 .text          0x00000000        0x0 c:/program files (x86)/gnu tools arm embedded/5.4 2016q3/bin/../lib/gcc/arm-none-eabi/5.4.1/../../../../arm-none-eabi/lib/armv7e-m\libg.a(lib_a-locale.o)
 .data          0x00000000        0x0 c:/program files (x86)/gnu tools arm embedded/5.4 2016q3/bin/../lib/gcc/arm-none-eabi/5.4.1/../../../../arm-none-eabi/lib/armv7e-m\libg.a(lib_a-locale.o)
 .bss           0x00000000        0x0 c:/program files (x86)/gnu tools arm embedded/5.4 2016q3/bin/../lib/gcc/arm-none-eabi/5.4.1/../../../../arm-none-eabi/lib/armv7e-m\libg.a(lib_a-locale.o)
 .text.__get_current_locale
                0x00000000       0x18 c:/program files (x86)/gnu tools arm embedded/5.4 2016q3/bin/../lib/gcc/arm-none-eabi/5.4.1/../../../../arm-none-eabi/lib/armv7e-m\libg.a(lib_a-locale.o)
 .text._setlocale_r
                0x00000000       0x40 c:/program files (x86)/gnu tools arm embedded/5.4 2016q3/bin/../lib/gcc/arm-none-eabi/5.4.1/../../../../arm-none-eabi/lib/armv7e-m\libg.a(lib_a-locale.o)
 .text.__locale_mb_cur_max
                0x00000000       0x1c c:/program files (x86)/gnu tools arm embedded/5.4 2016q3/bin/../lib/gcc/arm-none-eabi/5.4.1/../../../../arm-none-eabi/lib/armv7e-m\libg.a(lib_a-locale.o)
 .text.__locale_ctype_ptr
                0x00000000       0x14 c:/program files (x86)/gnu tools arm embedded/5.4 2016q3/bin/../lib/gcc/arm-none-eabi/5.4.1/../../../../arm-none-eabi/lib/armv7e-m\libg.a(lib_a-locale.o)
 .text.setlocale
                0x00000000       0x10 c:/program files (x86)/gnu tools arm embedded/5.4 2016q3/bin/../lib/gcc/arm-none-eabi/5.4.1/../../../../arm-none-eabi/lib/armv7e-m\libg.a(lib_a-locale.o)
 .bss._PathLocale
                0x00000000        0x4 c:/program files (x86)/gnu tools arm embedded/5.4 2016q3/bin/../lib/gcc/arm-none-eabi/5.4.1/../../../../arm-none-eabi/lib/armv7e-m\libg.a(lib_a-locale.o)
 .text          0x00000000        0x0 c:/program files (x86)/gnu tools arm embedded/5.4 2016q3/bin/../lib/gcc/arm-none-eabi/5.4.1/../../../../arm-none-eabi/lib/armv7e-m\libg.a(lib_a-mbtowc_r.o)
 .data          0x00000000        0x0 c:/program files (x86)/gnu tools arm embedded/5.4 2016q3/bin/../lib/gcc/arm-none-eabi/5.4.1/../../../../arm-none-eabi/lib/armv7e-m\libg.a(lib_a-mbtowc_r.o)
 .bss           0x00000000        0x0 c:/program files (x86)/gnu tools arm embedded/5.4 2016q3/bin/../lib/gcc/arm-none-eabi/5.4.1/../../../../arm-none-eabi/lib/armv7e-m\libg.a(lib_a-mbtowc_r.o)
 .text._mbtowc_r
                0x00000000       0x24 c:/program files (x86)/gnu tools arm embedded/5.4 2016q3/bin/../lib/gcc/arm-none-eabi/5.4.1/../../../../arm-none-eabi/lib/armv7e-m\libg.a(lib_a-mbtowc_r.o)
 .text          0x00000000        0x0 c:/program files (x86)/gnu tools arm embedded/5.4 2016q3/bin/../lib/gcc/arm-none-eabi/5.4.1/../../../../arm-none-eabi/lib/armv7e-m\libg.a(lib_a-wctomb_r.o)
 .data          0x00000000        0x0 c:/program files (x86)/gnu tools arm embedded/5.4 2016q3/bin/../lib/gcc/arm-none-eabi/5.4.1/../../../../arm-none-eabi/lib/armv7e-m\libg.a(lib_a-wctomb_r.o)
 .bss           0x00000000        0x0 c:/program files (x86)/gnu tools arm embedded/5.4 2016q3/bin/../lib/gcc/arm-none-eabi/5.4.1/../../../../arm-none-eabi/lib/armv7e-m\libg.a(lib_a-wctomb_r.o)
 .text._wctomb_r
                0x00000000       0x24 c:/program files (x86)/gnu tools arm embedded/5.4 2016q3/bin/../lib/gcc/arm-none-eabi/5.4.1/../../../../arm-none-eabi/lib/armv7e-m\libg.a(lib_a-wctomb_r.o)
 .text          0x00000000        0x0 c:/program files (x86)/gnu tools arm embedded/5.4 2016q3/bin/../lib/gcc/arm-none-eabi/5.4.1/../../../../arm-none-eabi/lib/armv7e-m\libg.a(lib_a-ctype_.o)
 .data          0x00000000        0x0 c:/program files (x86)/gnu tools arm embedded/5.4 2016q3/bin/../lib/gcc/arm-none-eabi/5.4.1/../../../../arm-none-eabi/lib/armv7e-m\libg.a(lib_a-ctype_.o)
 .bss           0x00000000        0x0 c:/program files (x86)/gnu tools arm embedded/5.4 2016q3/bin/../lib/gcc/arm-none-eabi/5.4.1/../../../../arm-none-eabi/lib/armv7e-m\libg.a(lib_a-ctype_.o)

Memory Configuration

Name             Origin             Length             Attributes
rom              0x08000000         0x00100000         xr
ram              0x20000000         0x00020000         xrw
ram1             0x10000000         0x00010000         xrw
*default*        0x00000000         0xffffffff

Linker script and memory map

                0x20020000                _eram = 0x20020000

.text           0x08000000     0x3b3d
 *(.isr_vector)
 .isr_vector    0x08000000      0x188 ..\obj\startup_stm32f4xx.o
                0x08000000                g_pfnVectors
 *(.text*)
 .text.USART_Init
                0x08000188      0x174 ..\obj\stm32f4xx_usart.o
                0x08000188                USART_Init
 .text.USART_Cmd
                0x080002fc       0x40 ..\obj\stm32f4xx_usart.o
                0x080002fc                USART_Cmd
 .text.USART_SendData
                0x0800033c       0x24 ..\obj\stm32f4xx_usart.o
                0x0800033c                USART_SendData
 .text.USART_ITConfig
                0x08000360       0x90 ..\obj\stm32f4xx_usart.o
                0x08000360                USART_ITConfig
 .text.USART_GetFlagStatus
                0x080003f0       0x38 ..\obj\stm32f4xx_usart.o
                0x080003f0                USART_GetFlagStatus
 .text.USART_GetITStatus
                0x08000428       0xb4 ..\obj\stm32f4xx_usart.o
                0x08000428                USART_GetITStatus
 .text.USART_ClearITPendingBit
                0x080004dc       0x38 ..\obj\stm32f4xx_usart.o
                0x080004dc                USART_ClearITPendingBit
 .text.API_IO_Delay_Init
                0x08000514       0x2c ..\obj\API_Draw.o
                0x08000514                API_IO_Delay_Init
 .text.API_IO_DelayMillis
                0x08000540       0x38 ..\obj\API_Draw.o
                0x08000540                API_IO_DelayMillis
 .text.UART_init
                0x08000578       0x94 ..\obj\API_Draw.o
                0x08000578                UART_init
 .text.UART_putchar
                0x0800060c       0x34 ..\obj\API_Draw.o
                0x0800060c                UART_putchar
 .text.UART_puts
                0x08000640       0x38 ..\obj\API_Draw.o
                0x08000640                UART_puts
 .text.USART2_IRQHandler
                0x08000678       0xb4 ..\obj\API_Draw.o
                0x08000678                USART2_IRQHandler
 .text.UART_get
                0x0800072c       0x30 ..\obj\API_Draw.o
                0x0800072c                UART_get
 .text.UART_gets
                0x0800075c       0x58 ..\obj\API_Draw.o
                0x0800075c                UART_gets
 .text.API_DRAW_color_to_int
                0x080007b4      0x178 ..\obj\API_Draw.o
                0x080007b4                API_DRAW_color_to_int
 .text.API_Draw_Line
                0x0800092c      0x1d4 ..\obj\API_Draw.o
                0x0800092c                API_Draw_Line
 .text.API_Draw_Ellipse
                0x08000b00      0x14c ..\obj\API_Draw.o
                0x08000b00                API_Draw_Ellipse
 .text.API_Draw_Rectangle
                0x08000c4c      0x154 ..\obj\API_Draw.o
                0x08000c4c                API_Draw_Rectangle
 .text.API_Draw_Triangle
                0x08000da0      0x2ec ..\obj\API_Draw.o
                0x08000da0                API_Draw_Triangle
 .text.API_Draw_Clearscreen
                0x0800108c       0x1c ..\obj\API_Draw.o
                0x0800108c                API_Draw_Clearscreen
 .text.API_Draw_Wait
                0x080010a8       0x1c ..\obj\API_Draw.o
                0x080010a8                API_Draw_Wait
 .text.Default_Reset_Handler
                0x080010c4       0x5c ..\obj\startup_stm32f4xx.o
                0x080010c4                Default_Reset_Handler
                0x080010c4                Reset_Handler
 .text.Default_Handler
                0x08001120        0x8 ..\obj\startup_stm32f4xx.o
                0x08001120                RTC_Alarm_IRQHandler
                0x08001120                HASH_RNG_IRQHandler
                0x08001120                EXTI2_IRQHandler
                0x08001120                TIM8_CC_IRQHandler
                0x08001120                DebugMon_Handler
                0x08001120                TIM1_CC_IRQHandler
                0x08001120                HardFault_Handler
                0x08001120                DMA1_Stream5_IRQHandler
                0x08001120                SysTick_Handler
                0x08001120                PVD_IRQHandler
                0x08001120                SDIO_IRQHandler
                0x08001120                TAMP_STAMP_IRQHandler
                0x08001120                PendSV_Handler
                0x08001120                NMI_Handler
                0x08001120                CAN2_RX1_IRQHandler
                0x08001120                EXTI3_IRQHandler
                0x08001120                TIM8_TRG_COM_TIM14_IRQHandler
                0x08001120                TIM1_UP_TIM10_IRQHandler
                0x08001120                TIM8_UP_TIM13_IRQHandler
                0x08001120                I2C3_ER_IRQHandler
                0x08001120                EXTI0_IRQHandler
                0x08001120                I2C2_EV_IRQHandler
                0x08001120                DMA1_Stream2_IRQHandler
                0x08001120                CAN1_RX0_IRQHandler
                0x08001120                FPU_IRQHandler
                0x08001120                OTG_HS_WKUP_IRQHandler
                0x08001120                UsageFault_Handler
                0x08001120                CAN2_SCE_IRQHandler
                0x08001120                DMA2_Stream2_IRQHandler
                0x08001120                SPI1_IRQHandler
                0x08001120                TIM6_DAC_IRQHandler
                0x08001120                TIM1_BRK_TIM9_IRQHandler
                0x08001120                DCMI_IRQHandler
                0x08001120                CAN2_RX0_IRQHandler
                0x08001120                DMA2_Stream3_IRQHandler
                0x08001120                USART6_IRQHandler
                0x08001120                USART3_IRQHandler
                0x08001120                CRYP_IRQHandler
                0x08001120                CAN1_RX1_IRQHandler
                0x08001120                UART5_IRQHandler
                0x08001120                DMA2_Stream0_IRQHandler
                0x08001120                TIM4_IRQHandler
                0x08001120                I2C1_EV_IRQHandler
                0x08001120                DMA1_Stream6_IRQHandler
                0x08001120                DMA1_Stream1_IRQHandler
                0x08001120                UART4_IRQHandler
                0x08001120                TIM3_IRQHandler
                0x08001120                RCC_IRQHandler
                0x08001120                TIM8_BRK_TIM12_IRQHandler
                0x08001120                EXTI15_10_IRQHandler
                0x08001120                ADC_IRQHandler
                0x08001120                DMA1_Stream7_IRQHandler
                0x08001120                TIM7_IRQHandler
                0x08001120                CAN2_TX_IRQHandler
                0x08001120                TIM5_IRQHandler
                0x08001120                DMA2_Stream7_IRQHandler
                0x08001120                I2C3_EV_IRQHandler
                0x08001120                EXTI9_5_IRQHandler
                0x08001120                RTC_WKUP_IRQHandler
                0x08001120                ETH_WKUP_IRQHandler
                0x08001120                SPI2_IRQHandler
                0x08001120                OTG_HS_EP1_IN_IRQHandler
                0x08001120                MemManage_Handler
                0x08001120                DMA1_Stream0_IRQHandler
                0x08001120                CAN1_TX_IRQHandler
                0x08001120                SVC_Handler
                0x08001120                EXTI4_IRQHandler
                0x08001120                FSMC_IRQHandler
                0x08001120                ETH_IRQHandler
                0x08001120                OTG_HS_EP1_OUT_IRQHandler
                0x08001120                WWDG_IRQHandler
                0x08001120                OTG_FS_WKUP_IRQHandler
                0x08001120                TIM1_TRG_COM_TIM11_IRQHandler
                0x08001120                OTG_HS_IRQHandler
                0x08001120                EXTI1_IRQHandler
                0x08001120                I2C2_ER_IRQHandler
                0x08001120                DMA2_Stream1_IRQHandler
                0x08001120                CAN1_SCE_IRQHandler
                0x08001120                FLASH_IRQHandler
                0x08001120                DMA2_Stream4_IRQHandler
                0x08001120                BusFault_Handler
                0x08001120                USART1_IRQHandler
                0x08001120                OTG_FS_IRQHandler
                0x08001120                SPI3_IRQHandler
                0x08001120                DMA1_Stream4_IRQHandler
                0x08001120                I2C1_ER_IRQHandler
                0x08001120                DMA2_Stream6_IRQHandler
                0x08001120                DMA1_Stream3_IRQHandler
 .text.main     0x08001128      0x8d8 ..\obj\main.o
                0x08001128                main
 .text.RCC_GetClocksFreq
                0x08001a00      0x154 ..\obj\stm32f4xx_rcc.o
                0x08001a00                RCC_GetClocksFreq
 .text.RCC_AHB1PeriphClockCmd
                0x08001b54       0x3c ..\obj\stm32f4xx_rcc.o
                0x08001b54                RCC_AHB1PeriphClockCmd
 .text.RCC_APB1PeriphClockCmd
                0x08001b90       0x3c ..\obj\stm32f4xx_rcc.o
                0x08001b90                RCC_APB1PeriphClockCmd
 .text.RCC_APB2PeriphClockCmd
                0x08001bcc       0x3c ..\obj\stm32f4xx_rcc.o
                0x08001bcc                RCC_APB2PeriphClockCmd
 .text.GPIO_Init
                0x08001c08      0x11c ..\obj\stm32f4xx_gpio.o
                0x08001c08                GPIO_Init
 .text.GPIO_PinAFConfig
                0x08001d24       0x90 ..\obj\stm32f4xx_gpio.o
                0x08001d24                GPIO_PinAFConfig
 .text.SystemInit
                0x08001db4       0x5c ..\obj\system_stm32f4xx.o
                0x08001db4                SystemInit
 .text.SetSysClock
                0x08001e10       0xf4 ..\obj\system_stm32f4xx.o
 .text.DMA_DeInit
                0x08001f04      0x1a4 ..\obj\stm32f4xx_dma.o
                0x08001f04                DMA_DeInit
 .text.DMA_Init
                0x080020a8       0xac ..\obj\stm32f4xx_dma.o
                0x080020a8                DMA_Init
 .text.DMA_Cmd  0x08002154       0x38 ..\obj\stm32f4xx_dma.o
                0x08002154                DMA_Cmd
 .text.DMA_ITConfig
                0x0800218c       0x74 ..\obj\stm32f4xx_dma.o
                0x0800218c                DMA_ITConfig
 .text.DMA_GetITStatus
                0x08002200       0xac ..\obj\stm32f4xx_dma.o
                0x08002200                DMA_GetITStatus
 .text.DMA_ClearITPendingBit
                0x080022ac       0x5c ..\obj\stm32f4xx_dma.o
                0x080022ac                DMA_ClearITPendingBit
 .text.UB_VGA_Screen_Init
                0x08002308       0x80 ..\obj\stm32_ub_vga_screen.o
                0x08002308                UB_VGA_Screen_Init
 .text.UB_VGA_FillScreen
                0x08002388       0x44 ..\obj\stm32_ub_vga_screen.o
                0x08002388                UB_VGA_FillScreen
 .text.UB_VGA_SetPixel
                0x080023cc       0x4c ..\obj\stm32_ub_vga_screen.o
                0x080023cc                UB_VGA_SetPixel
 .text.P_VGA_InitIO
                0x08002418       0xa8 ..\obj\stm32_ub_vga_screen.o
                0x08002418                P_VGA_InitIO
 .text.P_VGA_InitTIM
                0x080024c0       0xcc ..\obj\stm32_ub_vga_screen.o
                0x080024c0                P_VGA_InitTIM
 .text.P_VGA_InitINT
                0x0800258c       0x58 ..\obj\stm32_ub_vga_screen.o
                0x0800258c                P_VGA_InitINT
 .text.P_VGA_InitDMA
                0x080025e4       0x90 ..\obj\stm32_ub_vga_screen.o
                0x080025e4                P_VGA_InitDMA
 .text.TIM2_IRQHandler
                0x08002674       0xbc ..\obj\stm32_ub_vga_screen.o
                0x08002674                TIM2_IRQHandler
 .text.DMA2_Stream5_IRQHandler
                0x08002730       0x4c ..\obj\stm32_ub_vga_screen.o
                0x08002730                DMA2_Stream5_IRQHandler
 .text.NVIC_Init
                0x0800277c       0xc0 ..\obj\misc.o
                0x0800277c                NVIC_Init
 .text.TIM_TimeBaseInit
                0x0800283c       0xd4 ..\obj\stm32f4xx_tim.o
                0x0800283c                TIM_TimeBaseInit
 .text.TIM_ARRPreloadConfig
                0x08002910       0x40 ..\obj\stm32f4xx_tim.o
                0x08002910                TIM_ARRPreloadConfig
 .text.TIM_Cmd  0x08002950       0x40 ..\obj\stm32f4xx_tim.o
                0x08002950                TIM_Cmd
 .text.TIM_OC3Init
                0x08002990      0x10c ..\obj\stm32f4xx_tim.o
                0x08002990                TIM_OC3Init
 .text.TIM_OC4Init
                0x08002a9c       0xcc ..\obj\stm32f4xx_tim.o
                0x08002a9c                TIM_OC4Init
 .text.TIM_OC3PreloadConfig
                0x08002b68       0x38 ..\obj\stm32f4xx_tim.o
                0x08002b68                TIM_OC3PreloadConfig
 .text.TIM_OC4PreloadConfig
                0x08002ba0       0x3c ..\obj\stm32f4xx_tim.o
                0x08002ba0                TIM_OC4PreloadConfig
 .text.TIM_ITConfig
                0x08002bdc       0x48 ..\obj\stm32f4xx_tim.o
                0x08002bdc                TIM_ITConfig
 .text.TIM_ClearITPendingBit
                0x08002c24       0x20 ..\obj\stm32f4xx_tim.o
                0x08002c24                TIM_ClearITPendingBit
 .text.TIM_DMACmd
                0x08002c44       0x48 ..\obj\stm32f4xx_tim.o
                0x08002c44                TIM_DMACmd
 .text          0x08002c8c      0x21c c:/program files (x86)/gnu tools arm embedded/5.4 2016q3/bin/../lib/gcc/arm-none-eabi/5.4.1/armv7e-m\libgcc.a(_arm_addsubsf3.o)
                0x08002c8c                __aeabi_frsub
                0x08002c94                __subsf3
                0x08002c94                __aeabi_fsub
                0x08002c98                __aeabi_fadd
                0x08002c98                __addsf3
                0x08002df8                __aeabi_ui2f
                0x08002df8                __floatunsisf
                0x08002e00                __aeabi_i2f
                0x08002e00                __floatsisf
                0x08002e1c                __aeabi_ul2f
                0x08002e1c                __floatundisf
                0x08002e2c                __aeabi_l2f
                0x08002e2c                __floatdisf
 .text          0x08002ea8      0x2a0 c:/program files (x86)/gnu tools arm embedded/5.4 2016q3/bin/../lib/gcc/arm-none-eabi/5.4.1/armv7e-m\libgcc.a(_arm_muldivsf3.o)
                0x08002ea8                __mulsf3
                0x08002ea8                __aeabi_fmul
                0x08003010                __aeabi_fdiv
                0x08003010                __divsf3
 .text          0x08003148       0xec c:/program files (x86)/gnu tools arm embedded/5.4 2016q3/bin/../lib/gcc/arm-none-eabi/5.4.1/armv7e-m\libgcc.a(_arm_cmpsf2.o)
                0x08003148                __gesf2
                0x08003148                __gtsf2
                0x08003150                __lesf2
                0x08003150                __ltsf2
                0x08003158                __nesf2
                0x08003158                __eqsf2
                0x08003158                __cmpsf2
                0x080031b8                __aeabi_cfrcmple
                0x080031c0                __aeabi_cfcmpeq
                0x080031c0                __aeabi_cfcmple
                0x080031d0                __aeabi_fcmpeq
                0x080031e4                __aeabi_fcmplt
                0x080031f8                __aeabi_fcmple
                0x0800320c                __aeabi_fcmpge
                0x08003220                __aeabi_fcmpgt
 .text          0x08003234       0x4c c:/program files (x86)/gnu tools arm embedded/5.4 2016q3/bin/../lib/gcc/arm-none-eabi/5.4.1/armv7e-m\libgcc.a(_arm_fixsfsi.o)
                0x08003234                __aeabi_f2iz
                0x08003234                __fixsfsi
 .text          0x08003280       0x40 c:/program files (x86)/gnu tools arm embedded/5.4 2016q3/bin/../lib/gcc/arm-none-eabi/5.4.1/armv7e-m\libgcc.a(_arm_fixunssfsi.o)
                0x08003280                __fixunssfsi
                0x08003280                __aeabi_f2uiz
 .text.atoi     0x080032c0        0x8 c:/program files (x86)/gnu tools arm embedded/5.4 2016q3/bin/../lib/gcc/arm-none-eabi/5.4.1/../../../../arm-none-eabi/lib/armv7e-m\libg.a(lib_a-atoi.o)
                0x080032c0                atoi
 .text.memset   0x080032c8       0x9c c:/program files (x86)/gnu tools arm embedded/5.4 2016q3/bin/../lib/gcc/arm-none-eabi/5.4.1/../../../../arm-none-eabi/lib/armv7e-m\libg.a(lib_a-memset.o)
                0x080032c8                memset
 *fill*         0x08003364       0x1c 
 .text          0x08003380      0x2dc c:/program files (x86)/gnu tools arm embedded/5.4 2016q3/bin/../lib/gcc/arm-none-eabi/5.4.1/../../../../arm-none-eabi/lib/armv7e-m\libg.a(lib_a-strcmp.o)
                0x08003388                strcmp
 .text.strcpy   0x0800365c       0xbc c:/program files (x86)/gnu tools arm embedded/5.4 2016q3/bin/../lib/gcc/arm-none-eabi/5.4.1/../../../../arm-none-eabi/lib/armv7e-m\libg.a(lib_a-strcpy.o)
                0x0800365c                strcpy
 .text.strncpy  0x08003718       0x68 c:/program files (x86)/gnu tools arm embedded/5.4 2016q3/bin/../lib/gcc/arm-none-eabi/5.4.1/../../../../arm-none-eabi/lib/armv7e-m\libg.a(lib_a-strncpy.o)
                0x08003718                strncpy
 .text._strtol_l.isra.0
                0x08003780      0x138 c:/program files (x86)/gnu tools arm embedded/5.4 2016q3/bin/../lib/gcc/arm-none-eabi/5.4.1/../../../../arm-none-eabi/lib/armv7e-m\libg.a(lib_a-strtol.o)
 .text.strtol   0x080038b8       0x2c c:/program files (x86)/gnu tools arm embedded/5.4 2016q3/bin/../lib/gcc/arm-none-eabi/5.4.1/../../../../arm-none-eabi/lib/armv7e-m\libg.a(lib_a-strtol.o)
                0x080038b8                strtol
 .text.__locale_ctype_ptr_l
                0x080038e4        0x8 c:/program files (x86)/gnu tools arm embedded/5.4 2016q3/bin/../lib/gcc/arm-none-eabi/5.4.1/../../../../arm-none-eabi/lib/armv7e-m\libg.a(lib_a-locale.o)
                0x080038e4                __locale_ctype_ptr_l
 .text.__ascii_mbtowc
                0x080038ec       0x2c c:/program files (x86)/gnu tools arm embedded/5.4 2016q3/bin/../lib/gcc/arm-none-eabi/5.4.1/../../../../arm-none-eabi/lib/armv7e-m\libg.a(lib_a-mbtowc_r.o)
                0x080038ec                __ascii_mbtowc
 .text.__ascii_wctomb
                0x08003918       0x1c c:/program files (x86)/gnu tools arm embedded/5.4 2016q3/bin/../lib/gcc/arm-none-eabi/5.4.1/../../../../arm-none-eabi/lib/armv7e-m\libg.a(lib_a-wctomb_r.o)
                0x08003918                __ascii_wctomb
 *(.init)
 *(.fini)
 *crtbegin.o(.ctors)
 *crtbegin?.o(.ctors)
 *(EXCLUDE_FILE(*crtend.o *crtend?.o) .ctors)
 *(SORT(.ctors.*))
 *(.ctors)
 *crtbegin.o(.dtors)
 *crtbegin?.o(.dtors)
 *(EXCLUDE_FILE(*crtend.o *crtend?.o) .dtors)
 *(SORT(.dtors.*))
 *(.dtors)
 *(.rodata*)
 .rodata        0x08003934       0x8a ..\obj\API_Draw.o
 *fill*         0x080039be        0x2 
 .rodata        0x080039c0       0x66 ..\obj\main.o
 *fill*         0x08003a26        0x2 
 .rodata.str1.4
                0x08003a28       0x14 c:/program files (x86)/gnu tools arm embedded/5.4 2016q3/bin/../lib/gcc/arm-none-eabi/5.4.1/../../../../arm-none-eabi/lib/armv7e-m\libg.a(lib_a-locale.o)
                                 0x12 (size before relaxing)
 .rodata._ctype_
                0x08003a3c      0x101 c:/program files (x86)/gnu tools arm embedded/5.4 2016q3/bin/../lib/gcc/arm-none-eabi/5.4.1/../../../../arm-none-eabi/lib/armv7e-m\libg.a(lib_a-ctype_.o)
                0x08003a3c                _ctype_
 *(.eh_fram e*)

.glue_7         0x08003b40        0x0
 .glue_7        0x08003b40        0x0 linker stubs

.glue_7t        0x08003b40        0x0
 .glue_7t       0x08003b40        0x0 linker stubs

.vfp11_veneer   0x08003b40        0x0
 .vfp11_veneer  0x08003b40        0x0 linker stubs

.v4_bx          0x08003b40        0x0
 .v4_bx         0x08003b40        0x0 linker stubs

.iplt           0x08003b40        0x0
 .iplt          0x08003b40        0x0 ..\obj\Logic_Layer.o

.rel.dyn        0x08003b40        0x0
 .rel.iplt      0x08003b40        0x0 ..\obj\Logic_Layer.o

.ARM.extab
 *(.ARM.extab* .gnu.linkonce.armextab.*)
                0x08003b40                __exidx_start = .

.ARM.exidx
 *(.ARM.exidx* .gnu.linkonce.armexidx.*)
                0x08003b40                __exidx_end = .
                0x08003b40                __etext = .
                0x08003b3d                _sidata = __etext

.data           0x20000000      0x5a8 load address 0x08003b3d
                0x20000000                __data_start__ = .
                0x20000000                _sdata = __data_start__
 *(vtable)
 *(.data*)
 .data          0x20000000       0x10 ..\obj\stm32f4xx_rcc.o
 .data.impure_data
                0x20000010      0x428 c:/program files (x86)/gnu tools arm embedded/5.4 2016q3/bin/../lib/gcc/arm-none-eabi/5.4.1/../../../../arm-none-eabi/lib/armv7e-m\libg.a(lib_a-impure.o)
 .data._impure_ptr
                0x20000438        0x4 c:/program files (x86)/gnu tools arm embedded/5.4 2016q3/bin/../lib/gcc/arm-none-eabi/5.4.1/../../../../arm-none-eabi/lib/armv7e-m\libg.a(lib_a-impure.o)
                0x20000438                _impure_ptr
 .data.__global_locale
                0x2000043c      0x16c c:/program files (x86)/gnu tools arm embedded/5.4 2016q3/bin/../lib/gcc/arm-none-eabi/5.4.1/../../../../arm-none-eabi/lib/armv7e-m\libg.a(lib_a-locale.o)
                0x2000043c                __global_locale
                0x200005a8                . = ALIGN (0x4)
                [!provide]                PROVIDE (__preinit_array_start, .)
 *(.preinit_array)
                [!provide]                PROVIDE (__preinit_array_end, .)
                0x200005a8                . = ALIGN (0x4)
                [!provide]                PROVIDE (__init_array_start, .)
 *(SORT(.init_array.*))
 *(.init_array)
                [!provide]                PROVIDE (__init_array_end, .)
                0x200005a8                . = ALIGN (0x4)
                [!provide]                PROVIDE (__fini_array_start, .)
 *(SORT(.fini_array.*))
 *(.fini_array)
                [!provide]                PROVIDE (__fini_array_end, .)
 *(.jcr*)
                0x200005a8                . = ALIGN (0x4)
                0x200005a8                __data_end__ = .
                0x200005a8                _edata = __data_end__

.igot.plt       0x200005a8        0x0 load address 0x080040e8
 .igot.plt      0x200005a8        0x0 ..\obj\Logic_Layer.o

.bss            0x200005a8    0x12d68 load address 0x080040e8
                0x200005a8                . = ALIGN (0x4)
                0x200005a8                __bss_start__ = .
                0x200005a8                _sbss = __bss_start__
 *(.bss*)
 .bss           0x200005a8        0x4 ..\obj\API_Draw.o
                0x200005a8                charcounter
 *(COMMON)
 COMMON         0x200005ac    0x12cfc ..\obj\Logic_Layer.o
                0x200005ac                VGA
                0x200005b8                VGA_RAM1
 COMMON         0x200132a8       0x68 ..\obj\API_Draw.o
                0x200132a8                string
                0x2001330c                multiplier
                0x20013310                . = ALIGN (0x4)
                0x20013310                __bss_end__ = .
                0x20013310                _ebss = __bss_end__

.heap           0x20013310        0x0
                0x20013310                __end__ = .
                0x20013310                _end = __end__
                0x20013310                end = __end__
 *(.heap*)
                0x20013310                __HeapLimit = .

.co_stack       0x20013310      0x800 load address 0x08016e50
                0x20013310                . = ALIGN (0x8)
 *(.co_stack .co_stack.*)
 .co_stack      0x20013310      0x800 ..\obj\startup_stm32f4xx.o
                0x20013310                pulStack
                0x20020000                __StackTop = (ORIGIN (ram) + LENGTH (ram))
                0x2001f800                __StackLimit = (__StackTop - SIZEOF (.co_stack))
                [!provide]                PROVIDE (__stack, __StackTop)
                0x00000001                ASSERT ((__StackLimit >= __HeapLimit), region ram  overflowed with stack)
LOAD ..\obj\User_Interface.o
LOAD ..\obj\Logic_Layer.o
LOAD ..\obj\Input_Output.o
LOAD ..\obj\stm32f4xx_usart.o
LOAD ..\obj\API_Draw.o
LOAD ..\obj\startup_stm32f4xx.o
LOAD ..\obj\main.o
LOAD ..\obj\stm32f4xx_rcc.o
LOAD ..\obj\stm32f4xx_gpio.o
LOAD ..\obj\system_stm32f4xx.o
LOAD ..\obj\stm32f4xx_dma.o
LOAD ..\obj\API_IO.o
LOAD ..\obj\stm32_ub_vga_screen.o
LOAD ..\obj\misc.o
LOAD ..\obj\stm32f4xx_tim.o
LOAD c:/program files (x86)/gnu tools arm embedded/5.4 2016q3/bin/../lib/gcc/arm-none-eabi/5.4.1/../../../../arm-none-eabi/lib/armv7e-m\libm.a
START GROUP
LOAD c:/program files (x86)/gnu tools arm embedded/5.4 2016q3/bin/../lib/gcc/arm-none-eabi/5.4.1/armv7e-m\libgcc.a
LOAD c:/program files (x86)/gnu tools arm embedded/5.4 2016q3/bin/../lib/gcc/arm-none-eabi/5.4.1/../../../../arm-none-eabi/lib/armv7e-m\libg.a
LOAD c:/program files (x86)/gnu tools arm embedded/5.4 2016q3/bin/../lib/gcc/arm-none-eabi/5.4.1/../../../../arm-none-eabi/lib/armv7e-m\libc.a
END GROUP
OUTPUT(VESOFTON-16.elf elf32-littlearm)

.debug_info     0x00000000     0x6bfb
 .debug_info    0x00000000      0x176 ..\obj\Logic_Layer.o
 .debug_info    0x00000176      0x9ca ..\obj\stm32f4xx_usart.o
 .debug_info    0x00000b40      0xe60 ..\obj\API_Draw.o
 .debug_info    0x000019a0       0xf2 ..\obj\startup_stm32f4xx.o
 .debug_info    0x00001a92      0x54e ..\obj\main.o
 .debug_info    0x00001fe0      0xc63 ..\obj\stm32f4xx_rcc.o
 .debug_info    0x00002c43      0x61a ..\obj\stm32f4xx_gpio.o
 .debug_info    0x0000325d      0x5c5 ..\obj\system_stm32f4xx.o
 .debug_info    0x00003822      0x741 ..\obj\stm32f4xx_dma.o
 .debug_info    0x00003f63      0xad9 ..\obj\stm32_ub_vga_screen.o
 .debug_info    0x00004a3c      0x556 ..\obj\misc.o
 .debug_info    0x00004f92     0x1c69 ..\obj\stm32f4xx_tim.o

.debug_abbrev   0x00000000     0x10a9
 .debug_abbrev  0x00000000       0xb7 ..\obj\Logic_Layer.o
 .debug_abbrev  0x000000b7      0x157 ..\obj\stm32f4xx_usart.o
 .debug_abbrev  0x0000020e      0x21e ..\obj\API_Draw.o
 .debug_abbrev  0x0000042c       0xb0 ..\obj\startup_stm32f4xx.o
 .debug_abbrev  0x000004dc      0x112 ..\obj\main.o
 .debug_abbrev  0x000005ee      0x1e5 ..\obj\stm32f4xx_rcc.o
 .debug_abbrev  0x000007d3      0x1a7 ..\obj\stm32f4xx_gpio.o
 .debug_abbrev  0x0000097a      0x138 ..\obj\system_stm32f4xx.o
 .debug_abbrev  0x00000ab2      0x157 ..\obj\stm32f4xx_dma.o
 .debug_abbrev  0x00000c09      0x1d0 ..\obj\stm32_ub_vga_screen.o
 .debug_abbrev  0x00000dd9      0x147 ..\obj\misc.o
 .debug_abbrev  0x00000f20      0x189 ..\obj\stm32f4xx_tim.o

.debug_aranges  0x00000000      0x890
 .debug_aranges
                0x00000000       0x20 ..\obj\Logic_Layer.o
 .debug_aranges
                0x00000020      0x100 ..\obj\stm32f4xx_usart.o
 .debug_aranges
                0x00000120       0xb0 ..\obj\API_Draw.o
 .debug_aranges
                0x000001d0       0x28 ..\obj\startup_stm32f4xx.o
 .debug_aranges
                0x000001f8       0x20 ..\obj\main.o
 .debug_aranges
                0x00000218      0x178 ..\obj\stm32f4xx_rcc.o
 .debug_aranges
                0x00000390       0x88 ..\obj\stm32f4xx_gpio.o
 .debug_aranges
                0x00000418       0x30 ..\obj\system_stm32f4xx.o
 .debug_aranges
                0x00000448       0xb0 ..\obj\stm32f4xx_dma.o
 .debug_aranges
                0x000004f8       0x60 ..\obj\stm32_ub_vga_screen.o
 .debug_aranges
                0x00000558       0x40 ..\obj\misc.o
 .debug_aranges
                0x00000598      0x2f8 ..\obj\stm32f4xx_tim.o

.debug_ranges   0x00000000      0x7d0
 .debug_ranges  0x00000000       0x10 ..\obj\Logic_Layer.o
 .debug_ranges  0x00000010       0xf0 ..\obj\stm32f4xx_usart.o
 .debug_ranges  0x00000100       0xa0 ..\obj\API_Draw.o
 .debug_ranges  0x000001a0       0x18 ..\obj\startup_stm32f4xx.o
 .debug_ranges  0x000001b8       0x10 ..\obj\main.o
 .debug_ranges  0x000001c8      0x168 ..\obj\stm32f4xx_rcc.o
 .debug_ranges  0x00000330       0x78 ..\obj\stm32f4xx_gpio.o
 .debug_ranges  0x000003a8       0x20 ..\obj\system_stm32f4xx.o
 .debug_ranges  0x000003c8       0xa0 ..\obj\stm32f4xx_dma.o
 .debug_ranges  0x00000468       0x50 ..\obj\stm32_ub_vga_screen.o
 .debug_ranges  0x000004b8       0x30 ..\obj\misc.o
 .debug_ranges  0x000004e8      0x2e8 ..\obj\stm32f4xx_tim.o

.debug_line     0x00000000     0x3162
 .debug_line    0x00000000      0x1cd ..\obj\Logic_Layer.o
 .debug_line    0x000001cd      0x4f1 ..\obj\stm32f4xx_usart.o
 .debug_line    0x000006be      0x5c0 ..\obj\API_Draw.o
 .debug_line    0x00000c7e       0xa7 ..\obj\startup_stm32f4xx.o
 .debug_line    0x00000d25      0x31f ..\obj\main.o
 .debug_line    0x00001044      0x5dd ..\obj\stm32f4xx_rcc.o
 .debug_line    0x00001621      0x398 ..\obj\stm32f4xx_gpio.o
 .debug_line    0x000019b9      0x20e ..\obj\system_stm32f4xx.o
 .debug_line    0x00001bc7      0x462 ..\obj\stm32f4xx_dma.o
 .debug_line    0x00002029      0x3ca ..\obj\stm32_ub_vga_screen.o
 .debug_line    0x000023f3      0x276 ..\obj\misc.o
 .debug_line    0x00002669      0xaf9 ..\obj\stm32f4xx_tim.o

.debug_str      0x00000000     0x2b12
 .debug_str     0x00000000      0x195 ..\obj\Logic_Layer.o
                                0x1f7 (size before relaxing)
 .debug_str     0x00000195      0x50e ..\obj\stm32f4xx_usart.o
                                0x695 (size before relaxing)
 .debug_str     0x000006a3      0x918 ..\obj\API_Draw.o
                                0xc0f (size before relaxing)
 .debug_str     0x00000fbb       0xb6 ..\obj\startup_stm32f4xx.o
                                0x14d (size before relaxing)
 .debug_str     0x00001071       0x4e ..\obj\main.o
                                0x227 (size before relaxing)
 .debug_str     0x000010bf      0x5de ..\obj\stm32f4xx_rcc.o
                                0x856 (size before relaxing)
 .debug_str     0x0000169d      0x1a9 ..\obj\stm32f4xx_gpio.o
                                0x4a9 (size before relaxing)
 .debug_str     0x00001846      0x11e ..\obj\system_stm32f4xx.o
                                0x3b0 (size before relaxing)
 .debug_str     0x00001964      0x39d ..\obj\stm32f4xx_dma.o
                                0x548 (size before relaxing)
 .debug_str     0x00001d01      0x2a6 ..\obj\stm32_ub_vga_screen.o
                                0xce3 (size before relaxing)
 .debug_str     0x00001fa7      0x167 ..\obj\misc.o
                                0x3d4 (size before relaxing)
 .debug_str     0x0000210e      0xa04 ..\obj\stm32f4xx_tim.o
                                0xdd6 (size before relaxing)

.comment        0x00000000       0x6e
 .comment       0x00000000       0x6e ..\obj\Logic_Layer.o
                                 0x6f (size before relaxing)
 .comment       0x0000006e       0x6f ..\obj\stm32f4xx_usart.o
 .comment       0x0000006e       0x6f ..\obj\API_Draw.o
 .comment       0x0000006e       0x6f ..\obj\startup_stm32f4xx.o
 .comment       0x0000006e       0x6f ..\obj\main.o
 .comment       0x0000006e       0x6f ..\obj\stm32f4xx_rcc.o
 .comment       0x0000006e       0x6f ..\obj\stm32f4xx_gpio.o
 .comment       0x0000006e       0x6f ..\obj\system_stm32f4xx.o
 .comment       0x0000006e       0x6f ..\obj\stm32f4xx_dma.o
 .comment       0x0000006e       0x6f ..\obj\stm32_ub_vga_screen.o
 .comment       0x0000006e       0x6f ..\obj\misc.o
 .comment       0x0000006e       0x6f ..\obj\stm32f4xx_tim.o

.ARM.attributes
                0x00000000       0x31
 .ARM.attributes
                0x00000000       0x33 ..\obj\Logic_Layer.o
 .ARM.attributes
                0x00000033       0x33 ..\obj\stm32f4xx_usart.o
 .ARM.attributes
                0x00000066       0x33 ..\obj\API_Draw.o
 .ARM.attributes
                0x00000099       0x33 ..\obj\startup_stm32f4xx.o
 .ARM.attributes
                0x000000cc       0x33 ..\obj\main.o
 .ARM.attributes
                0x000000ff       0x33 ..\obj\stm32f4xx_rcc.o
 .ARM.attributes
                0x00000132       0x33 ..\obj\stm32f4xx_gpio.o
 .ARM.attributes
                0x00000165       0x33 ..\obj\system_stm32f4xx.o
 .ARM.attributes
                0x00000198       0x33 ..\obj\stm32f4xx_dma.o
 .ARM.attributes
                0x000001cb       0x33 ..\obj\stm32_ub_vga_screen.o
 .ARM.attributes
                0x000001fe       0x33 ..\obj\misc.o
 .ARM.attributes
                0x00000231       0x33 ..\obj\stm32f4xx_tim.o
 .ARM.attributes
                0x00000264       0x1e c:/program files (x86)/gnu tools arm embedded/5.4 2016q3/bin/../lib/gcc/arm-none-eabi/5.4.1/armv7e-m\libgcc.a(_arm_addsubsf3.o)
 .ARM.attributes
                0x00000282       0x1e c:/program files (x86)/gnu tools arm embedded/5.4 2016q3/bin/../lib/gcc/arm-none-eabi/5.4.1/armv7e-m\libgcc.a(_arm_muldivsf3.o)
 .ARM.attributes
                0x000002a0       0x1e c:/program files (x86)/gnu tools arm embedded/5.4 2016q3/bin/../lib/gcc/arm-none-eabi/5.4.1/armv7e-m\libgcc.a(_arm_cmpsf2.o)
 .ARM.attributes
                0x000002be       0x1e c:/program files (x86)/gnu tools arm embedded/5.4 2016q3/bin/../lib/gcc/arm-none-eabi/5.4.1/armv7e-m\libgcc.a(_arm_fixsfsi.o)
 .ARM.attributes
                0x000002dc       0x1e c:/program files (x86)/gnu tools arm embedded/5.4 2016q3/bin/../lib/gcc/arm-none-eabi/5.4.1/armv7e-m\libgcc.a(_arm_fixunssfsi.o)
 .ARM.attributes
                0x000002fa       0x2e c:/program files (x86)/gnu tools arm embedded/5.4 2016q3/bin/../lib/gcc/arm-none-eabi/5.4.1/../../../../arm-none-eabi/lib/armv7e-m\libg.a(lib_a-atoi.o)
 .ARM.attributes
                0x00000328       0x2e c:/program files (x86)/gnu tools arm embedded/5.4 2016q3/bin/../lib/gcc/arm-none-eabi/5.4.1/../../../../arm-none-eabi/lib/armv7e-m\libg.a(lib_a-memset.o)
 .ARM.attributes
                0x00000356       0x1c c:/program files (x86)/gnu tools arm embedded/5.4 2016q3/bin/../lib/gcc/arm-none-eabi/5.4.1/../../../../arm-none-eabi/lib/armv7e-m\libg.a(lib_a-strcmp.o)
 .ARM.attributes
                0x00000372       0x2e c:/program files (x86)/gnu tools arm embedded/5.4 2016q3/bin/../lib/gcc/arm-none-eabi/5.4.1/../../../../arm-none-eabi/lib/armv7e-m\libg.a(lib_a-strcpy.o)
 .ARM.attributes
                0x000003a0       0x2e c:/program files (x86)/gnu tools arm embedded/5.4 2016q3/bin/../lib/gcc/arm-none-eabi/5.4.1/../../../../arm-none-eabi/lib/armv7e-m\libg.a(lib_a-strncpy.o)
 .ARM.attributes
                0x000003ce       0x2e c:/program files (x86)/gnu tools arm embedded/5.4 2016q3/bin/../lib/gcc/arm-none-eabi/5.4.1/../../../../arm-none-eabi/lib/armv7e-m\libg.a(lib_a-strtol.o)
 .ARM.attributes
                0x000003fc       0x2e c:/program files (x86)/gnu tools arm embedded/5.4 2016q3/bin/../lib/gcc/arm-none-eabi/5.4.1/../../../../arm-none-eabi/lib/armv7e-m\libg.a(lib_a-impure.o)
 .ARM.attributes
                0x0000042a       0x2e c:/program files (x86)/gnu tools arm embedded/5.4 2016q3/bin/../lib/gcc/arm-none-eabi/5.4.1/../../../../arm-none-eabi/lib/armv7e-m\libg.a(lib_a-locale.o)
 .ARM.attributes
                0x00000458       0x2e c:/program files (x86)/gnu tools arm embedded/5.4 2016q3/bin/../lib/gcc/arm-none-eabi/5.4.1/../../../../arm-none-eabi/lib/armv7e-m\libg.a(lib_a-mbtowc_r.o)
 .ARM.attributes
                0x00000486       0x2e c:/program files (x86)/gnu tools arm embedded/5.4 2016q3/bin/../lib/gcc/arm-none-eabi/5.4.1/../../../../arm-none-eabi/lib/armv7e-m\libg.a(lib_a-wctomb_r.o)
 .ARM.attributes
                0x000004b4       0x2e c:/program files (x86)/gnu tools arm embedded/5.4 2016q3/bin/../lib/gcc/arm-none-eabi/5.4.1/../../../../arm-none-eabi/lib/armv7e-m\libg.a(lib_a-ctype_.o)

.debug_frame    0x00000000     0x27e4
 .debug_frame   0x00000000       0x2c ..\obj\Logic_Layer.o
 .debug_frame   0x0000002c      0x490 ..\obj\stm32f4xx_usart.o
 .debug_frame   0x000004bc      0x2dc ..\obj\API_Draw.o
 .debug_frame   0x00000798       0x4c ..\obj\startup_stm32f4xx.o
 .debug_frame   0x000007e4       0x34 ..\obj\main.o
 .debug_frame   0x00000818      0x6d4 ..\obj\stm32f4xx_rcc.o
 .debug_frame   0x00000eec      0x23c ..\obj\stm32f4xx_gpio.o
 .debug_frame   0x00001128       0x7c ..\obj\system_stm32f4xx.o
 .debug_frame   0x000011a4      0x308 ..\obj\stm32f4xx_dma.o
 .debug_frame   0x000014ac      0x148 ..\obj\stm32_ub_vga_screen.o
 .debug_frame   0x000015f4       0xd8 ..\obj\misc.o
 .debug_frame   0x000016cc      0xe54 ..\obj\stm32f4xx_tim.o
 .debug_frame   0x00002520       0x30 c:/program files (x86)/gnu tools arm embedded/5.4 2016q3/bin/../lib/gcc/arm-none-eabi/5.4.1/../../../../arm-none-eabi/lib/armv7e-m\libg.a(lib_a-atoi.o)
 .debug_frame   0x00002550       0x34 c:/program files (x86)/gnu tools arm embedded/5.4 2016q3/bin/../lib/gcc/arm-none-eabi/5.4.1/../../../../arm-none-eabi/lib/armv7e-m\libg.a(lib_a-memset.o)
 .debug_frame   0x00002584       0x68 c:/program files (x86)/gnu tools arm embedded/5.4 2016q3/bin/../lib/gcc/arm-none-eabi/5.4.1/../../../../arm-none-eabi/lib/armv7e-m\libg.a(lib_a-strcmp.o)
 .debug_frame   0x000025ec       0x20 c:/program files (x86)/gnu tools arm embedded/5.4 2016q3/bin/../lib/gcc/arm-none-eabi/5.4.1/../../../../arm-none-eabi/lib/armv7e-m\libg.a(lib_a-strcpy.o)
 .debug_frame   0x0000260c       0x34 c:/program files (x86)/gnu tools arm embedded/5.4 2016q3/bin/../lib/gcc/arm-none-eabi/5.4.1/../../../../arm-none-eabi/lib/armv7e-m\libg.a(lib_a-strncpy.o)
 .debug_frame   0x00002640       0x98 c:/program files (x86)/gnu tools arm embedded/5.4 2016q3/bin/../lib/gcc/arm-none-eabi/5.4.1/../../../../arm-none-eabi/lib/armv7e-m\libg.a(lib_a-strtol.o)
 .debug_frame   0x000026d8       0x84 c:/program files (x86)/gnu tools arm embedded/5.4 2016q3/bin/../lib/gcc/arm-none-eabi/5.4.1/../../../../arm-none-eabi/lib/armv7e-m\libg.a(lib_a-locale.o)
 .debug_frame   0x0000275c       0x4c c:/program files (x86)/gnu tools arm embedded/5.4 2016q3/bin/../lib/gcc/arm-none-eabi/5.4.1/../../../../arm-none-eabi/lib/armv7e-m\libg.a(lib_a-mbtowc_r.o)
 .debug_frame   0x000027a8       0x3c c:/program files (x86)/gnu tools arm embedded/5.4 2016q3/bin/../lib/gcc/arm-none-eabi/5.4.1/../../../../arm-none-eabi/lib/armv7e-m\libg.a(lib_a-wctomb_r.o)
